../Core/Src/main.c:158:6:myprintf	16	static
../Core/Src/main.c:177:5:main	576	static
../Core/Src/main.c:323:6:SystemClock_Config	96	static
../Core/Src/main.c:373:13:MX_I2C1_Init	8	static
../Core/Src/main.c:421:13:MX_I2C2_Init	8	static
../Core/Src/main.c:469:13:MX_SPI1_Init	8	static
../Core/Src/main.c:509:13:MX_TIM2_Init	48	static
../Core/Src/main.c:558:13:MX_TIM16_Init	8	static
../Core/Src/main.c:590:13:MX_TIM17_Init	8	static
../Core/Src/main.c:622:13:MX_USART2_UART_Init	8	static
../Core/Src/main.c:657:13:MX_GPIO_Init	48	static
../Core/Src/main.c:737:6:InitiateMotors	8	static
../Core/Src/main.c:803:6:HAL_GPIO_EXTI_Callback	16	static
../Core/Src/main.c:827:12:GCommandParse	152	static
../Core/Src/main.c:911:6:addChar	16	static
../Core/Src/main.c:921:12:ComputeExecutables	64	static
../Core/Src/main.c:1009:6:SetLaserPower	24	static
../Core/Src/main.c:1017:6:StartEngrave	8	static
../Core/Src/main.c:1030:6:SetOutputs	8	static
../Core/Src/main.c:1068:1:__io_putchar	16	static
../Core/Src/main.c:1083:6:StartLaserEngrave	48	static
../Core/Src/main.c:1128:6:StartLoadInstruction	176	static
../Core/Src/main.c:1170:6:StartControlTask	16	static
../Core/Src/main.c:1189:6:HAL_TIM_PeriodElapsedCallback	16	static
../Core/Src/main.c:1285:6:Error_Handler	4	static,ignoring_inline_asm
