../Core/Src/main.c:144:6:myprintf	16	static
../Core/Src/main.c:163:5:main	8	static
../Core/Src/main.c:282:6:SystemClock_Config	96	static
../Core/Src/main.c:332:13:MX_SPI1_Init	8	static
../Core/Src/main.c:372:13:MX_TIM2_Init	64	static
../Core/Src/main.c:431:13:MX_TIM7_Init	24	static
../Core/Src/main.c:469:13:MX_TIM16_Init	8	static
../Core/Src/main.c:501:13:MX_TIM17_Init	8	static
../Core/Src/main.c:533:13:MX_USART2_UART_Init	8	static
../Core/Src/main.c:568:13:MX_GPIO_Init	48	static
../Core/Src/main.c:648:6:InitiateMotors	8	static
../Core/Src/main.c:714:6:HAL_GPIO_EXTI_Callback	16	static
../Core/Src/main.c:738:12:GCommandParse	152	static
../Core/Src/main.c:822:6:addChar	16	static
../Core/Src/main.c:832:12:ComputeExecutables	64	static
../Core/Src/main.c:920:6:SetLaserPower	24	static
../Core/Src/main.c:928:6:StartEngrave	8	static
../Core/Src/main.c:941:6:SetOutputs	8	static
../Core/Src/main.c:979:1:__io_putchar	16	static
../Core/Src/main.c:994:6:LaserEngraveTask	48	static
../Core/Src/main.c:1040:6:StartLoadInstruction	176	static
../Core/Src/main.c:1084:6:HAL_TIM_PeriodElapsedCallback	16	static
../Core/Src/main.c:1180:6:Error_Handler	4	static,ignoring_inline_asm
