../Core/Src/main.c:91:6:myprintf	16	static
../Core/Src/main.c:110:5:main	1240	static
../Core/Src/main.c:200:6:SystemClock_Config	96	static
../Core/Src/main.c:250:13:MX_SPI1_Init	8	static
../Core/Src/main.c:290:13:MX_TIM7_Init	24	static
../Core/Src/main.c:328:13:MX_TIM16_Init	8	static
../Core/Src/main.c:360:13:MX_TIM17_Init	8	static
../Core/Src/main.c:392:13:MX_USART2_UART_Init	8	static
../Core/Src/main.c:427:13:MX_GPIO_Init	48	static
../Core/Src/main.c:506:6:InitiateMotors	8	static
../Core/Src/main.c:516:6:HAL_GPIO_EXTI_Callback	16	static
../Core/Src/main.c:543:6:GcommandParse	136	static
../Core/Src/main.c:618:6:addChar	16	static
../Core/Src/main.c:628:6:GcommandExecute	40	static
../Core/Src/main.c:688:6:McommandExecute	16	static
../Core/Src/main.c:701:6:LaserEngrave	32	static
../Core/Src/main.c:727:1:__io_putchar	16	static
../Core/Src/main.c:743:6:HAL_TIM_PeriodElapsedCallback	16	static
../Core/Src/main.c:814:6:Error_Handler	4	static,ignoring_inline_asm
