../Core/Src/main.c:162:6:myprintf	16	static
../Core/Src/main.c:181:5:main	8	static
../Core/Src/main.c:311:6:SystemClock_Config	96	static
../Core/Src/main.c:361:13:MX_I2C1_Init	8	static
../Core/Src/main.c:409:13:MX_SPI1_Init	8	static
../Core/Src/main.c:449:13:MX_TIM2_Init	48	static
../Core/Src/main.c:498:13:MX_TIM16_Init	8	static
../Core/Src/main.c:530:13:MX_TIM17_Init	8	static
../Core/Src/main.c:562:13:MX_USART2_UART_Init	8	static
../Core/Src/main.c:597:13:MX_GPIO_Init	48	static
../Core/Src/main.c:677:6:InitiateMotors	8	static
../Core/Src/main.c:745:6:HAL_GPIO_EXTI_Callback	16	static
../Core/Src/main.c:780:12:GCommandParse	152	static
../Core/Src/main.c:864:6:addChar	16	static
../Core/Src/main.c:874:12:ComputeExecutables	64	static
../Core/Src/main.c:962:6:SetLaserPower	24	static
../Core/Src/main.c:971:6:StartEngrave	8	static
../Core/Src/main.c:984:6:SetOutputs	8	static
../Core/Src/main.c:1022:1:__io_putchar	16	static
../Core/Src/main.c:1037:6:StartLaserEngrave	48	static
../Core/Src/main.c:1081:6:StartLoadInstruction	176	static
../Core/Src/main.c:1122:6:StartControlTask	712	dynamic
../Core/Src/main.c:1216:6:HAL_TIM_PeriodElapsedCallback	16	static
../Core/Src/main.c:1300:6:Error_Handler	4	static,ignoring_inline_asm
