../Core/Src/main.c:87:6:myprintf	16	static
../Core/Src/main.c:106:5:main	1240	static
../Core/Src/main.c:193:6:SystemClock_Config	96	static
../Core/Src/main.c:243:13:MX_SPI1_Init	8	static
../Core/Src/main.c:283:13:MX_TIM16_Init	8	static
../Core/Src/main.c:315:13:MX_TIM17_Init	8	static
../Core/Src/main.c:347:13:MX_USART2_UART_Init	8	static
../Core/Src/main.c:382:13:MX_GPIO_Init	48	static
../Core/Src/main.c:460:6:HAL_GPIO_EXTI_Callback	16	static
../Core/Src/main.c:475:6:GcommandParse	136	static
../Core/Src/main.c:550:6:addChar	16	static
../Core/Src/main.c:560:6:GcommandExecute	40	static
../Core/Src/main.c:620:6:McommandExecute	16	static
../Core/Src/main.c:633:6:laserEngrave	32	static
../Core/Src/main.c:658:1:__io_putchar	16	static
../Core/Src/main.c:674:6:HAL_TIM_PeriodElapsedCallback	16	static
../Core/Src/main.c:744:6:Error_Handler	4	static,ignoring_inline_asm
