../Core/Src/main.c:83:5:main	8	static
../Core/Src/main.c:168:6:SystemClock_Config	96	static
../Core/Src/main.c:218:13:MX_TIM16_Init	8	static
../Core/Src/main.c:250:13:MX_TIM17_Init	8	static
../Core/Src/main.c:282:13:MX_USART2_UART_Init	8	static
../Core/Src/main.c:317:13:MX_GPIO_Init	48	static
../Core/Src/main.c:368:6:GcommandParse	136	static
../Core/Src/main.c:435:6:addChar	16	static
../Core/Src/main.c:445:6:GcommandExecute	32	static
../Core/Src/main.c:468:6:laserEngrave	24	static
../Core/Src/main.c:506:1:__io_putchar	16	static
../Core/Src/main.c:522:6:HAL_TIM_PeriodElapsedCallback	16	static
../Core/Src/main.c:585:6:Error_Handler	4	static,ignoring_inline_asm
