../Core/Src/main.c:89:6:myprintf	16	static
../Core/Src/main.c:108:5:main	1240	static
../Core/Src/main.c:197:6:SystemClock_Config	96	static
../Core/Src/main.c:247:13:MX_SPI1_Init	8	static
../Core/Src/main.c:287:13:MX_TIM16_Init	8	static
../Core/Src/main.c:319:13:MX_TIM17_Init	8	static
../Core/Src/main.c:351:13:MX_USART2_UART_Init	8	static
../Core/Src/main.c:386:13:MX_GPIO_Init	48	static
../Core/Src/main.c:465:6:InitiateMotors	8	static
../Core/Src/main.c:475:6:HAL_GPIO_EXTI_Callback	16	static
../Core/Src/main.c:502:6:GcommandParse	136	static
../Core/Src/main.c:577:6:addChar	16	static
../Core/Src/main.c:587:6:GcommandExecute	40	static
../Core/Src/main.c:647:6:McommandExecute	16	static
../Core/Src/main.c:660:6:LaserEngrave	32	static
../Core/Src/main.c:686:1:__io_putchar	16	static
../Core/Src/main.c:702:6:HAL_TIM_PeriodElapsedCallback	16	static
../Core/Src/main.c:772:6:Error_Handler	4	static,ignoring_inline_asm
