../Core/Src/main.c:83:5:main	8	static
../Core/Src/main.c:168:6:SystemClock_Config	96	static
../Core/Src/main.c:218:13:MX_TIM16_Init	8	static
../Core/Src/main.c:250:13:MX_TIM17_Init	8	static
../Core/Src/main.c:282:13:MX_USART2_UART_Init	8	static
../Core/Src/main.c:317:13:MX_GPIO_Init	48	static
../Core/Src/main.c:376:6:HAL_GPIO_EXTI_Callback	16	static
../Core/Src/main.c:391:6:GcommandParse	136	static
../Core/Src/main.c:458:6:addChar	16	static
../Core/Src/main.c:468:6:GcommandExecute	32	static
../Core/Src/main.c:491:6:laserEngrave	32	static
../Core/Src/main.c:530:1:__io_putchar	16	static
../Core/Src/main.c:546:6:HAL_TIM_PeriodElapsedCallback	16	static
../Core/Src/main.c:609:6:Error_Handler	4	static,ignoring_inline_asm
