../Core/Src/main.c:89:6:myprintf	16	static
../Core/Src/main.c:108:5:main	1240	static
../Core/Src/main.c:210:6:SystemClock_Config	96	static
../Core/Src/main.c:260:13:MX_SPI1_Init	8	static
../Core/Src/main.c:300:13:MX_TIM2_Init	48	static
../Core/Src/main.c:349:13:MX_TIM16_Init	8	static
../Core/Src/main.c:381:13:MX_TIM17_Init	8	static
../Core/Src/main.c:413:13:MX_USART2_UART_Init	8	static
../Core/Src/main.c:448:13:MX_GPIO_Init	48	static
../Core/Src/main.c:526:6:HAL_GPIO_EXTI_Callback	16	static
../Core/Src/main.c:541:6:GcommandParse	136	static
../Core/Src/main.c:616:6:addChar	16	static
../Core/Src/main.c:626:6:GcommandExecute	40	static
../Core/Src/main.c:690:6:SetLaserPower	16	static
../Core/Src/main.c:695:6:laserEngrave	32	static
../Core/Src/main.c:723:1:__io_putchar	16	static
../Core/Src/main.c:739:6:HAL_TIM_PeriodElapsedCallback	16	static
../Core/Src/main.c:809:6:Error_Handler	4	static,ignoring_inline_asm
