Archive member included to satisfy reference by file (symbol)

C:/ST/STM32CubeIDE_1.17.0/STM32CubeIDE/plugins/com.st.stm32cube.ide.mcu.externaltools.gnu-tools-for-stm32.13.3.rel1.win32_1.0.0.202411081344/tools/bin/../lib/gcc/arm-none-eabi/13.3.1/../../../../arm-none-eabi/lib/thumb/v7e-m+fp/hard\libc_nano.a(libc_a-atof.o)
                              ./Core/Src/main.o (atof)
C:/ST/STM32CubeIDE_1.17.0/STM32CubeIDE/plugins/com.st.stm32cube.ide.mcu.externaltools.gnu-tools-for-stm32.13.3.rel1.win32_1.0.0.202411081344/tools/bin/../lib/gcc/arm-none-eabi/13.3.1/../../../../arm-none-eabi/lib/thumb/v7e-m+fp/hard\libc_nano.a(libc_a-atoi.o)
                              ./Core/Src/main.o (atoi)
C:/ST/STM32CubeIDE_1.17.0/STM32CubeIDE/plugins/com.st.stm32cube.ide.mcu.externaltools.gnu-tools-for-stm32.13.3.rel1.win32_1.0.0.202411081344/tools/bin/../lib/gcc/arm-none-eabi/13.3.1/../../../../arm-none-eabi/lib/thumb/v7e-m+fp/hard\libc_nano.a(libc_a-exit.o)
                              C:/ST/STM32CubeIDE_1.17.0/STM32CubeIDE/plugins/com.st.stm32cube.ide.mcu.externaltools.gnu-tools-for-stm32.13.3.rel1.win32_1.0.0.202411081344/tools/bin/../lib/gcc/arm-none-eabi/13.3.1/../../../../arm-none-eabi/lib/thumb/v7e-m+fp/hard/crt0.o (exit)
C:/ST/STM32CubeIDE_1.17.0/STM32CubeIDE/plugins/com.st.stm32cube.ide.mcu.externaltools.gnu-tools-for-stm32.13.3.rel1.win32_1.0.0.202411081344/tools/bin/../lib/gcc/arm-none-eabi/13.3.1/../../../../arm-none-eabi/lib/thumb/v7e-m+fp/hard\libc_nano.a(libc_a-strtod.o)
                              C:/ST/STM32CubeIDE_1.17.0/STM32CubeIDE/plugins/com.st.stm32cube.ide.mcu.externaltools.gnu-tools-for-stm32.13.3.rel1.win32_1.0.0.202411081344/tools/bin/../lib/gcc/arm-none-eabi/13.3.1/../../../../arm-none-eabi/lib/thumb/v7e-m+fp/hard\libc_nano.a(libc_a-atof.o) (strtod)
C:/ST/STM32CubeIDE_1.17.0/STM32CubeIDE/plugins/com.st.stm32cube.ide.mcu.externaltools.gnu-tools-for-stm32.13.3.rel1.win32_1.0.0.202411081344/tools/bin/../lib/gcc/arm-none-eabi/13.3.1/../../../../arm-none-eabi/lib/thumb/v7e-m+fp/hard\libc_nano.a(libc_a-strtol.o)
                              C:/ST/STM32CubeIDE_1.17.0/STM32CubeIDE/plugins/com.st.stm32cube.ide.mcu.externaltools.gnu-tools-for-stm32.13.3.rel1.win32_1.0.0.202411081344/tools/bin/../lib/gcc/arm-none-eabi/13.3.1/../../../../arm-none-eabi/lib/thumb/v7e-m+fp/hard\libc_nano.a(libc_a-atoi.o) (_strtol_r)
C:/ST/STM32CubeIDE_1.17.0/STM32CubeIDE/plugins/com.st.stm32cube.ide.mcu.externaltools.gnu-tools-for-stm32.13.3.rel1.win32_1.0.0.202411081344/tools/bin/../lib/gcc/arm-none-eabi/13.3.1/../../../../arm-none-eabi/lib/thumb/v7e-m+fp/hard\libc_nano.a(libc_a-ctype_.o)
                              C:/ST/STM32CubeIDE_1.17.0/STM32CubeIDE/plugins/com.st.stm32cube.ide.mcu.externaltools.gnu-tools-for-stm32.13.3.rel1.win32_1.0.0.202411081344/tools/bin/../lib/gcc/arm-none-eabi/13.3.1/../../../../arm-none-eabi/lib/thumb/v7e-m+fp/hard\libc_nano.a(libc_a-strtol.o) (_ctype_)
C:/ST/STM32CubeIDE_1.17.0/STM32CubeIDE/plugins/com.st.stm32cube.ide.mcu.externaltools.gnu-tools-for-stm32.13.3.rel1.win32_1.0.0.202411081344/tools/bin/../lib/gcc/arm-none-eabi/13.3.1/../../../../arm-none-eabi/lib/thumb/v7e-m+fp/hard\libc_nano.a(libc_a-findfp.o)
                              ./Middlewares/Third_Party/FreeRTOS/Source/tasks.o (__sf)
C:/ST/STM32CubeIDE_1.17.0/STM32CubeIDE/plugins/com.st.stm32cube.ide.mcu.externaltools.gnu-tools-for-stm32.13.3.rel1.win32_1.0.0.202411081344/tools/bin/../lib/gcc/arm-none-eabi/13.3.1/../../../../arm-none-eabi/lib/thumb/v7e-m+fp/hard\libc_nano.a(libc_a-fwalk.o)
                              C:/ST/STM32CubeIDE_1.17.0/STM32CubeIDE/plugins/com.st.stm32cube.ide.mcu.externaltools.gnu-tools-for-stm32.13.3.rel1.win32_1.0.0.202411081344/tools/bin/../lib/gcc/arm-none-eabi/13.3.1/../../../../arm-none-eabi/lib/thumb/v7e-m+fp/hard\libc_nano.a(libc_a-findfp.o) (_fwalk_sglue)
C:/ST/STM32CubeIDE_1.17.0/STM32CubeIDE/plugins/com.st.stm32cube.ide.mcu.externaltools.gnu-tools-for-stm32.13.3.rel1.win32_1.0.0.202411081344/tools/bin/../lib/gcc/arm-none-eabi/13.3.1/../../../../arm-none-eabi/lib/thumb/v7e-m+fp/hard\libc_nano.a(libc_a-printf.o)
                              ./Core/Src/Inc/i2c-lcd.o (printf)
C:/ST/STM32CubeIDE_1.17.0/STM32CubeIDE/plugins/com.st.stm32cube.ide.mcu.externaltools.gnu-tools-for-stm32.13.3.rel1.win32_1.0.0.202411081344/tools/bin/../lib/gcc/arm-none-eabi/13.3.1/../../../../arm-none-eabi/lib/thumb/v7e-m+fp/hard\libc_nano.a(libc_a-stdio.o)
                              C:/ST/STM32CubeIDE_1.17.0/STM32CubeIDE/plugins/com.st.stm32cube.ide.mcu.externaltools.gnu-tools-for-stm32.13.3.rel1.win32_1.0.0.202411081344/tools/bin/../lib/gcc/arm-none-eabi/13.3.1/../../../../arm-none-eabi/lib/thumb/v7e-m+fp/hard\libc_nano.a(libc_a-findfp.o) (__sread)
C:/ST/STM32CubeIDE_1.17.0/STM32CubeIDE/plugins/com.st.stm32cube.ide.mcu.externaltools.gnu-tools-for-stm32.13.3.rel1.win32_1.0.0.202411081344/tools/bin/../lib/gcc/arm-none-eabi/13.3.1/../../../../arm-none-eabi/lib/thumb/v7e-m+fp/hard\libc_nano.a(libc_a-vsnprintf.o)
[...]
Memory Configuration

Name             Origin             Length             Attributes
RAM              0x20000000         0x00018000         xrw
RAM2             0x10000000         0x00008000         xrw
FLASH            0x08000000         0x00100000         xr
*default*        0x00000000         0xffffffff

Linker script and memory map

LOAD C:/ST/STM32CubeIDE_1.17.0/STM32CubeIDE/plugins/com.st.stm32cube.ide.mcu.externaltools.gnu-tools-for-stm32.13.3.rel1.win32_1.0.0.202411081344/tools/bin/../lib/gcc/arm-none-eabi/13.3.1/thumb/v7e-m+fp/hard/crti.o
LOAD C:/ST/STM32CubeIDE_1.17.0/STM32CubeIDE/plugins/com.st.stm32cube.ide.mcu.externaltools.gnu-tools-for-stm32.13.3.rel1.win32_1.0.0.202411081344/tools/bin/../lib/gcc/arm-none-eabi/13.3.1/thumb/v7e-m+fp/hard/crtbegin.o
LOAD C:/ST/STM32CubeIDE_1.17.0/STM32CubeIDE/plugins/com.st.stm32cube.ide.mcu.externaltools.gnu-tools-for-stm32.13.3.rel1.win32_1.0.0.202411081344/tools/bin/../lib/gcc/arm-none-eabi/13.3.1/../../../../arm-none-eabi/lib/thumb/v7e-m+fp/hard/crt0.o
LOAD ./Core/Src/Inc/i2c-lcd.o
LOAD ./Core/Src/freertos.o
LOAD ./Core/Src/main.o
LOAD ./Core/Src/stm32l4xx_hal_msp.o
LOAD ./Core/Src/stm32l4xx_hal_timebase_tim.o
LOAD ./Core/Src/stm32l4xx_it.o
LOAD ./Core/Src/syscalls.o
LOAD ./Core/Src/sysmem.o
LOAD ./Core/Src/system_stm32l4xx.o
LOAD ./Core/Startup/startup_stm32l476rgtx.o
LOAD ./Drivers/STM32L4xx_HAL_Driver/Src/stm32l4xx_hal.o
LOAD ./Drivers/STM32L4xx_HAL_Driver/Src/stm32l4xx_hal_cortex.o
LOAD ./Drivers/STM32L4xx_HAL_Driver/Src/stm32l4xx_hal_dma.o
LOAD ./Drivers/STM32L4xx_HAL_Driver/Src/stm32l4xx_hal_dma_ex.o
LOAD ./Drivers/STM32L4xx_HAL_Driver/Src/stm32l4xx_hal_exti.o
LOAD ./Drivers/STM32L4xx_HAL_Driver/Src/stm32l4xx_hal_flash.o
LOAD ./Drivers/STM32L4xx_HAL_Driver/Src/stm32l4xx_hal_flash_ex.o
LOAD ./Drivers/STM32L4xx_HAL_Driver/Src/stm32l4xx_hal_flash_ramfunc.o
LOAD ./Drivers/STM32L4xx_HAL_Driver/Src/stm32l4xx_hal_gpio.o
LOAD ./Drivers/STM32L4xx_HAL_Driver/Src/stm32l4xx_hal_i2c.o
LOAD ./Drivers/STM32L4xx_HAL_Driver/Src/stm32l4xx_hal_i2c_ex.o
LOAD ./Drivers/STM32L4xx_HAL_Driver/Src/stm32l4xx_hal_pwr.o
LOAD ./Drivers/STM32L4xx_HAL_Driver/Src/stm32l4xx_hal_pwr_ex.o
LOAD ./Drivers/STM32L4xx_HAL_Driver/Src/stm32l4xx_hal_rcc.o
LOAD ./Drivers/STM32L4xx_HAL_Driver/Src/stm32l4xx_hal_rcc_ex.o
LOAD ./Drivers/STM32L4xx_HAL_Driver/Src/stm32l4xx_hal_spi.o
LOAD ./Drivers/STM32L4xx_HAL_Driver/Src/stm32l4xx_hal_spi_ex.o
LOAD ./Drivers/STM32L4xx_HAL_Driver/Src/stm32l4xx_hal_tim.o
LOAD ./Drivers/STM32L4xx_HAL_Driver/Src/stm32l4xx_hal_tim_ex.o
LOAD ./Drivers/STM32L4xx_HAL_Driver/Src/stm32l4xx_hal_uart.o
LOAD ./Drivers/STM32L4xx_HAL_Driver/Src/stm32l4xx_hal_uart_ex.o
LOAD ./FATFS/App/fatfs.o
LOAD ./FATFS/Target/user_diskio.o
LOAD ./FATFS/Target/user_diskio_spi.o
LOAD ./Middlewares/Third_Party/FatFs/src/diskio.o
LOAD ./Middlewares/Third_Party/FatFs/src/ff.o
LOAD ./Middlewares/Third_Party/FatFs/src/ff_gen_drv.o
LOAD ./Middlewares/Third_Party/FatFs/src/option/syscall.o
LOAD ./Middlewares/Third_Party/FreeRTOS/Source/CMSIS_RTOS_V2/cmsis_os2.o
LOAD ./Middlewares/Third_Party/FreeRTOS/Source/croutine.o
LOAD ./Middlewares/Third_Party/FreeRTOS/Source/event_groups.o
LOAD ./Middlewares/Third_Party/FreeRTOS/Source/list.o
LOAD ./Middlewares/Third_Party/FreeRTOS/Source/queue.o
LOAD ./Middlewares/Third_Party/FreeRTOS/Source/stream_buffer.o
LOAD ./Middlewares/Third_Party/FreeRTOS/Source/tasks.o
LOAD ./Middlewares/Third_Party/FreeRTOS/Source/timers.o
LOAD ./Middlewares/Third_Party/FreeRTOS/Source/portable/GCC/ARM_CM4F/port.o
LOAD ./Middlewares/Third_Party/FreeRTOS/Source/portable/MemMang/heap_4.o
START GROUP
LOAD C:/ST/STM32CubeIDE_1.17.0/STM32CubeIDE/plugins/com.st.stm32cube.ide.mcu.externaltools.gnu-tools-for-stm32.13.3.rel1.win32_1.0.0.202411081344/tools/bin/../lib/gcc/arm-none-eabi/13.3.1/../../../../arm-none-eabi/lib/thumb/v7e-m+fp/hard\libc_nano.a
LOAD C:/ST/STM32CubeIDE_1.17.0/STM32CubeIDE/plugins/com.st.stm32cube.ide.mcu.externaltools.gnu-tools-for-stm32.13.3.rel1.win32_1.0.0.202411081344/tools/bin/../lib/gcc/arm-none-eabi/13.3.1/../../../../arm-none-eabi/lib/thumb/v7e-m+fp/hard\libm.a
END GROUP
START GROUP
LOAD C:/ST/STM32CubeIDE_1.17.0/STM32CubeIDE/plugins/com.st.stm32cube.ide.mcu.externaltools.gnu-tools-for-stm32.13.3.rel1.win32_1.0.0.202411081344/tools/bin/../lib/gcc/arm-none-eabi/13.3.1/thumb/v7e-m+fp/hard\libgcc.a
LOAD C:/ST/STM32CubeIDE_1.17.0/STM32CubeIDE/plugins/com.st.stm32cube.ide.mcu.externaltools.gnu-tools-for-stm32.13.3.rel1.win32_1.0.0.202411081344/tools/bin/../lib/gcc/arm-none-eabi/13.3.1/../../../../arm-none-eabi/lib/thumb/v7e-m+fp/hard\libc_nano.a
END GROUP
START GROUP
LOAD C:/ST/STM32CubeIDE_1.17.0/STM32CubeIDE/plugins/com.st.stm32cube.ide.mcu.externaltools.gnu-tools-for-stm32.13.3.rel1.win32_1.0.0.202411081344/tools/bin/../lib/gcc/arm-none-eabi/13.3.1/thumb/v7e-m+fp/hard\libgcc.a
LOAD C:/ST/STM32CubeIDE_1.17.0/STM32CubeIDE/plugins/com.st.stm32cube.ide.mcu.externaltools.gnu-tools-for-stm32.13.3.rel1.win32_1.0.0.202411081344/tools/bin/../lib/gcc/arm-none-eabi/13.3.1/../../../../arm-none-eabi/lib/thumb/v7e-m+fp/hard\libc_nano.a
LOAD C:/ST/STM32CubeIDE_1.17.0/STM32CubeIDE/plugins/com.st.stm32cube.ide.mcu.externaltools.gnu-tools-for-stm32.13.3.rel1.win32_1.0.0.202411081344/tools/bin/../lib/gcc/arm-none-eabi/13.3.1/../../../../arm-none-eabi/lib/thumb/v7e-m+fp/hard\libnosys.a
END GROUP
START GROUP
LOAD C:/ST/STM32CubeIDE_1.17.0/STM32CubeIDE/plugins/com.st.stm32cube.ide.mcu.externaltools.gnu-tools-for-stm32.13.3.rel1.win32_1.0.0.202411081344/tools/bin/../lib/gcc/arm-none-eabi/13.3.1/thumb/v7e-m+fp/hard\libgcc.a
LOAD C:/ST/STM32CubeIDE_1.17.0/STM32CubeIDE/plugins/com.st.stm32cube.ide.mcu.externaltools.gnu-tools-for-stm32.13.3.rel1.win32_1.0.0.202411081344/tools/bin/../lib/gcc/arm-none-eabi/13.3.1/../../../../arm-none-eabi/lib/thumb/v7e-m+fp/hard\libc_nano.a
LOAD C:/ST/STM32CubeIDE_1.17.0/STM32CubeIDE/plugins/com.st.stm32cube.ide.mcu.externaltools.gnu-tools-for-stm32.13.3.rel1.win32_1.0.0.202411081344/tools/bin/../lib/gcc/arm-none-eabi/13.3.1/../../../../arm-none-eabi/lib/thumb/v7e-m+fp/hard\libnosys.a
END GROUP
LOAD C:/ST/STM32CubeIDE_1.17.0/STM32CubeIDE/plugins/com.st.stm32cube.ide.mcu.externaltools.gnu-tools-for-stm32.13.3.rel1.win32_1.0.0.202411081344/tools/bin/../lib/gcc/arm-none-eabi/13.3.1/thumb/v7e-m+fp/hard/crtend.o
LOAD C:/ST/STM32CubeIDE_1.17.0/STM32CubeIDE/plugins/com.st.stm32cube.ide.mcu.externaltools.gnu-tools-for-stm32.13.3.rel1.win32_1.0.0.202411081344/tools/bin/../lib/gcc/arm-none-eabi/13.3.1/thumb/v7e-m+fp/hard/crtn.o
                0x20018000                        _estack = (ORIGIN (RAM) + LENGTH (RAM))
                0x00000200                        _Min_Heap_Size = 0x200
                0x00000400                        _Min_Stack_Size = 0x400

.isr_vector     0x08000000      0x188
                0x08000000                        . = ALIGN (0x4)
 *(.isr_vector)
 .isr_vector    0x08000000      0x188 ./Core/Startup/startup_stm32l476rgtx.o
                0x08000000                g_pfnVectors
                0x08000188                        . = ALIGN (0x4)

.text           0x08000190    0x10ea4
                0x08000190                        . = ALIGN (0x4)
 *(.text)
 .text          0x08000190       0x40 C:/ST/STM32CubeIDE_1.17.0/STM32CubeIDE/plugins/com.st.stm32cube.ide.mcu.externaltools.gnu-tools-for-stm32.13.3.rel1.win32_1.0.0.202411081344/tools/bin/../lib/gcc/arm-none-eabi/13.3.1/thumb/v7e-m+fp/hard/crtbegin.o
 .text          0x080001d0       0x14 C:/ST/STM32CubeIDE_1.17.0/STM32CubeIDE/plugins/com.st.stm32cube.ide.mcu.externaltools.gnu-tools-for-stm32.13.3.rel1.win32_1.0.0.202411081344/tools/bin/../lib/gcc/arm-none-eabi/13.3.1/../../../../arm-none-eabi/lib/thumb/v7e-m+fp/hard\libc_nano.a(libc_a-strcmp.o)
                0x080001d0                strcmp
 .text          0x080001e4       0x10 C:/ST/STM32CubeIDE_1.17.0/STM32CubeIDE/plugins/com.st.stm32cube.ide.mcu.externaltools.gnu-tools-for-stm32.13.3.rel1.win32_1.0.0.202411081344/tools/bin/../lib/gcc/arm-none-eabi/13.3.1/../../../../arm-none-eabi/lib/thumb/v7e-m+fp/hard\libc_nano.a(libc_a-strlen.o)
                0x080001e4                strlen
 *fill*         0x080001f4        0xc 
 .text          0x08000200       0xa0 C:/ST/STM32CubeIDE_1.17.0/STM32CubeIDE/plugins/com.st.stm32cube.ide.mcu.externaltools.gnu-tools-for-stm32.13.3.rel1.win32_1.0.0.202411081344/tools/bin/../lib/gcc/arm-none-eabi/13.3.1/../../../../arm-none-eabi/lib/thumb/v7e-m+fp/hard\libc_nano.a(libc_a-memchr.o)
                0x08000200                memchr
 .text          0x080002a0      0x378 C:/ST/STM32CubeIDE_1.17.0/STM32CubeIDE/plugins/com.st.stm32cube.ide.mcu.externaltools.gnu-tools-for-stm32.13.3.rel1.win32_1.0.0.202411081344/tools/bin/../lib/gcc/arm-none-eabi/13.3.1/thumb/v7e-m+fp/hard\libgcc.a(_arm_addsubdf3.o)
                0x080002a0                __aeabi_drsub
                0x080002a8                __aeabi_dsub
                0x080002a8                __subdf3
                0x080002ac                __aeabi_dadd
                0x080002ac                __adddf3
                0x08000524                __floatunsidf
                0x08000524                __aeabi_ui2d
                0x08000544                __floatsidf
                0x08000544                __aeabi_i2d
                0x08000568                __aeabi_f2d
                0x08000568                __extendsfdf2
                0x080005ac                __floatundidf
                0x080005ac                __aeabi_ul2d
                0x080005bc                __floatdidf
                0x080005bc                __aeabi_l2d
 .text          0x08000618      0x424 C:/ST/STM32CubeIDE_1.17.0/STM32CubeIDE/plugins/com.st.stm32cube.ide.mcu.externaltools.gnu-tools-for-stm32.13.3.rel1.win32_1.0.0.202411081344/tools/bin/../lib/gcc/arm-none-eabi/13.3.1/thumb/v7e-m+fp/hard\libgcc.a(_arm_muldivdf3.o)
                0x08000618                __aeabi_dmul
                0x08000618                __muldf3
                0x0800086c                __divdf3
                0x0800086c                __aeabi_ddiv
 .text          0x08000a3c      0x110 C:/ST/STM32CubeIDE_1.17.0/STM32CubeIDE/plugins/com.st.stm32cube.ide.mcu.externaltools.gnu-tools-for-stm32.13.3.rel1.win32_1.0.0.202411081344/tools/bin/../lib/gcc/arm-none-eabi/13.3.1/thumb/v7e-m+fp/hard\libgcc.a(_arm_cmpdf2.o)
                0x08000a3c                __gtdf2
                0x08000a3c                __gedf2
                0x08000a44                __ltdf2
                0x08000a44                __ledf2
                0x08000a4c                __nedf2
                0x08000a4c                __eqdf2
                0x08000a4c                __cmpdf2
                0x08000ac8                __aeabi_cdrcmple
                0x08000ad8                __aeabi_cdcmpeq
                0x08000ad8                __aeabi_cdcmple
                0x08000ae8                __aeabi_dcmpeq
                0x08000afc                __aeabi_dcmplt
                0x08000b10                __aeabi_dcmple
                0x08000b24                __aeabi_dcmpge
                0x08000b38                __aeabi_dcmpgt
 .text          0x08000b4c       0x2c C:/ST/STM32CubeIDE_1.17.0/STM32CubeIDE/plugins/com.st.stm32cube.ide.mcu.externaltools.gnu-tools-for-stm32.13.3.rel1.win32_1.0.0.202411081344/tools/bin/../lib/gcc/arm-none-eabi/13.3.1/thumb/v7e-m+fp/hard\libgcc.a(_arm_unorddf2.o)
                0x08000b4c                __unorddf2
                0x08000b4c                __aeabi_dcmpun
 .text          0x08000b78       0x50 C:/ST/STM32CubeIDE_1.17.0/STM32CubeIDE/plugins/com.st.stm32cube.ide.mcu.externaltools.gnu-tools-for-stm32.13.3.rel1.win32_1.0.0.202411081344/tools/bin/../lib/gcc/arm-none-eabi/13.3.1/thumb/v7e-m+fp/hard\libgcc.a(_arm_fixdfsi.o)
                0x08000b78                __aeabi_d2iz
                0x08000b78                __fixdfsi
 .text          0x08000bc8       0x40 C:/ST/STM32CubeIDE_1.17.0/STM32CubeIDE/plugins/com.st.stm32cube.ide.mcu.externaltools.gnu-tools-for-stm32.13.3.rel1.win32_1.0.0.202411081344/tools/bin/../lib/gcc/arm-none-eabi/13.3.1/thumb/v7e-m+fp/hard\libgcc.a(_arm_fixunsdfsi.o)
                0x08000bc8                __aeabi_d2uiz
                0x08000bc8                __fixunsdfsi
 .text          0x08000c08       0xa0 C:/ST/STM32CubeIDE_1.17.0/STM32CubeIDE/plugins/com.st.stm32cube.ide.mcu.externaltools.gnu-tools-for-stm32.13.3.rel1.win32_1.0.0.202411081344/tools/bin/../lib/gcc/arm-none-eabi/13.3.1/thumb/v7e-m+fp/hard\libgcc.a(_arm_truncdfsf2.o)
                0x08000c08                __truncdfsf2
                0x08000c08                __aeabi_d2f
 .text          0x08000ca8       0x30 C:/ST/STM32CubeIDE_1.17.0/STM32CubeIDE/plugins/com.st.stm32cube.ide.mcu.externaltools.gnu-tools-for-stm32.13.3.rel1.win32_1.0.0.202411081344/tools/bin/../lib/gcc/arm-none-eabi/13.3.1/thumb/v7e-m+fp/hard\libgcc.a(_aeabi_uldivmod.o)
                0x08000ca8                __aeabi_uldivmod
 .text          0x08000cd8       0x30 C:/ST/STM32CubeIDE_1.17.0/STM32CubeIDE/plugins/com.st.stm32cube.ide.mcu.externaltools.gnu-tools-for-stm32.13.3.rel1.win32_1.0.0.202411081344/tools/bin/../lib/gcc/arm-none-eabi/13.3.1/thumb/v7e-m+fp/hard\libgcc.a(_fixdfdi.o)
                0x08000cd8                __fixdfdi
                0x08000cd8                __aeabi_d2lz
 .text          0x08000d08       0x3c C:/ST/STM32CubeIDE_1.17.0/STM32CubeIDE/plugins/com.st.stm32cube.ide.mcu.externaltools.gnu-tools-for-stm32.13.3.rel1.win32_1.0.0.202411081344/tools/bin/../lib/gcc/arm-none-eabi/13.3.1/thumb/v7e-m+fp/hard\libgcc.a(_fixunsdfdi.o)
                0x08000d08                __fixunsdfdi
                0x08000d08                __aeabi_d2ulz
 .text          0x08000d44      0x2f8 C:/ST/STM32CubeIDE_1.17.0/STM32CubeIDE/plugins/com.st.stm32cube.ide.mcu.externaltools.gnu-tools-for-stm32.13.3.rel1.win32_1.0.0.202411081344/tools/bin/../lib/gcc/arm-none-eabi/13.3.1/thumb/v7e-m+fp/hard\libgcc.a(_udivmoddi4.o)
                0x08000d44                __udivmoddi4
 .text          0x0800103c        0x4 C:/ST/STM32CubeIDE_1.17.0/STM32CubeIDE/plugins/com.st.stm32cube.ide.mcu.externaltools.gnu-tools-for-stm32.13.3.rel1.win32_1.0.0.202411081344/tools/bin/../lib/gcc/arm-none-eabi/13.3.1/thumb/v7e-m+fp/hard\libgcc.a(_dvmd_tls.o)
                0x0800103c                __aeabi_idiv0
                0x0800103c                __aeabi_ldiv0
 *(.text*)
 .text.myprintf
                0x08001040       0x4c ./Core/Src/main.o
                0x08001040                myprintf
 .text.main     0x0800108c      0x178 ./Core/Src/main.o
                0x0800108c                main
 .text.SystemClock_Config
                0x08001204       0xa2 ./Core/Src/main.o
                0x08001204                SystemClock_Config
 *fill*         0x080012a6        0x2 
 .text.MX_I2C1_Init
                0x080012a8       0x80 ./Core/Src/main.o
 .text.MX_I2C2_Init
                0x08001328       0x80 ./Core/Src/main.o
 .text.MX_SPI1_Init
                0x080013a8       0x7c ./Core/Src/main.o
 .text.MX_TIM2_Init
                0x08001424       0xb4 ./Core/Src/main.o
 .text.MX_TIM16_Init
                0x080014d8       0x50 ./Core/Src/main.o
 .text.MX_TIM17_Init
                0x08001528       0x50 ./Core/Src/main.o
 .text.MX_USART2_UART_Init
                0x08001578       0x60 ./Core/Src/main.o
 .text.MX_GPIO_Init
                0x080015d8      0x190 ./Core/Src/main.o
 .text.InitiateMotors
                0x08001768      0x188 ./Core/Src/main.o
                0x08001768                InitiateMotors
 .text.HAL_GPIO_EXTI_Callback
                0x080018f0       0x78 ./Core/Src/main.o
                0x080018f0                HAL_GPIO_EXTI_Callback
 .text.GCommandParse
                0x08001968      0x208 ./Core/Src/main.o
                0x08001968                GCommandParse
 .text.ComputeExecutables
                0x08001b70      0x234 ./Core/Src/main.o
                0x08001b70                ComputeExecutables
 *fill*         0x08001da4        0x4 
 .text.SetLaserPower
                0x08001da8       0x68 ./Core/Src/main.o
                0x08001da8                SetLaserPower
 .text.StartEngrave
                0x08001e10       0x40 ./Core/Src/main.o
                0x08001e10                StartEngrave
 .text.SetOutputs
                0x08001e50       0xd8 ./Core/Src/main.o
                0x08001e50                SetOutputs
 .text.__io_putchar
                0x08001f28       0x24 ./Core/Src/main.o
                0x08001f28                __io_putchar
 .text.StartLaserEngrave
                0x08001f4c       0x94 ./Core/Src/main.o
                0x08001f4c                StartLaserEngrave
 .text.StartLoadInstruction
                0x08001fe0       0x88 ./Core/Src/main.o
                0x08001fe0                StartLoadInstruction
 .text.StartControlTask
                0x08002068       0x10 ./Core/Src/main.o
                0x08002068                StartControlTask
 .text.HAL_TIM_PeriodElapsedCallback
                0x08002078      0x164 ./Core/Src/main.o
                0x08002078                HAL_TIM_PeriodElapsedCallback
 .text.Error_Handler
                0x080021dc        0xc ./Core/Src/main.o
                0x080021dc                Error_Handler
 .text.HAL_MspInit
                0x080021e8       0x50 ./Core/Src/stm32l4xx_hal_msp.o
                0x080021e8                HAL_MspInit
 .text.HAL_I2C_MspInit
                0x08002238      0x144 ./Core/Src/stm32l4xx_hal_msp.o
                0x08002238                HAL_I2C_MspInit
 .text.HAL_SPI_MspInit
                0x0800237c       0x84 ./Core/Src/stm32l4xx_hal_msp.o
                0x0800237c                HAL_SPI_MspInit
 .text.HAL_TIM_PWM_MspInit
                0x08002400       0x3c ./Core/Src/stm32l4xx_hal_msp.o
                0x08002400                HAL_TIM_PWM_MspInit
 .text.HAL_TIM_Base_MspInit
                0x0800243c       0x84 ./Core/Src/stm32l4xx_hal_msp.o
                0x0800243c                HAL_TIM_Base_MspInit
 .text.HAL_TIM_MspPostInit
                0x080024c0       0x68 ./Core/Src/stm32l4xx_hal_msp.o
                0x080024c0                HAL_TIM_MspPostInit
 .text.HAL_UART_MspInit
                0x08002528       0xb8 ./Core/Src/stm32l4xx_hal_msp.o
                0x08002528                HAL_UART_MspInit
 .text.HAL_InitTick
                0x080025e0       0xf4 ./Core/Src/stm32l4xx_hal_timebase_tim.o
                0x080025e0                HAL_InitTick
 .text.NMI_Handler
                0x080026d4        0x8 ./Core/Src/stm32l4xx_it.o
                0x080026d4                NMI_Handler
 .text.HardFault_Handler
                0x080026dc        0x8 ./Core/Src/stm32l4xx_it.o
                0x080026dc                HardFault_Handler
 .text.MemManage_Handler
                0x080026e4        0x8 ./Core/Src/stm32l4xx_it.o
                0x080026e4                MemManage_Handler
 .text.BusFault_Handler
                0x080026ec        0x8 ./Core/Src/stm32l4xx_it.o
                0x080026ec                BusFault_Handler
 .text.UsageFault_Handler
                0x080026f4        0x8 ./Core/Src/stm32l4xx_it.o
                0x080026f4                UsageFault_Handler
 .text.DebugMon_Handler
                0x080026fc        0xe ./Core/Src/stm32l4xx_it.o
                0x080026fc                DebugMon_Handler
 .text.EXTI1_IRQHandler
                0x0800270a        0xe ./Core/Src/stm32l4xx_it.o
                0x0800270a                EXTI1_IRQHandler
 .text.TIM1_UP_TIM16_IRQHandler
                0x08002718       0x14 ./Core/Src/stm32l4xx_it.o
                0x08002718                TIM1_UP_TIM16_IRQHandler
 .text.TIM1_TRG_COM_TIM17_IRQHandler
                0x0800272c       0x14 ./Core/Src/stm32l4xx_it.o
                0x0800272c                TIM1_TRG_COM_TIM17_IRQHandler
 .text.TIM3_IRQHandler
                0x08002740       0x14 ./Core/Src/stm32l4xx_it.o
                0x08002740                TIM3_IRQHandler
 .text.EXTI15_10_IRQHandler
                0x08002754       0x10 ./Core/Src/stm32l4xx_it.o
                0x08002754                EXTI15_10_IRQHandler
 .text._getpid  0x08002764       0x10 ./Core/Src/syscalls.o
                0x08002764                _getpid
 .text._kill    0x08002774       0x20 ./Core/Src/syscalls.o
                0x08002774                _kill
 .text._exit    0x08002794       0x16 ./Core/Src/syscalls.o
                0x08002794                _exit
 .text._read    0x080027aa       0x3a ./Core/Src/syscalls.o
                0x080027aa                _read
 .text._write   0x080027e4       0x38 ./Core/Src/syscalls.o
                0x080027e4                _write
 .text._close   0x0800281c       0x18 ./Core/Src/syscalls.o
                0x0800281c                _close
 .text._fstat   0x08002834       0x20 ./Core/Src/syscalls.o
                0x08002834                _fstat
 .text._isatty  0x08002854       0x16 ./Core/Src/syscalls.o
                0x08002854                _isatty
 .text._lseek   0x0800286a       0x1a ./Core/Src/syscalls.o
                0x0800286a                _lseek
 .text._sbrk    0x08002884       0x6c ./Core/Src/sysmem.o
                0x08002884                _sbrk
 .text.SystemInit
                0x080028f0       0x24 ./Core/Src/system_stm32l4xx.o
                0x080028f0                SystemInit
 .text.Reset_Handler
                0x08002914       0x50 ./Core/Startup/startup_stm32l476rgtx.o
                0x08002914                Reset_Handler
 .text.Default_Handler
                0x08002964        0x2 ./Core/Startup/startup_stm32l476rgtx.o
                0x08002964                RTC_Alarm_IRQHandler
                0x08002964                EXTI2_IRQHandler
                0x08002964                TIM8_TRG_COM_IRQHandler
                0x08002964                TIM8_CC_IRQHandler
                0x08002964                TIM1_CC_IRQHandler
                0x08002964                TSC_IRQHandler
                0x08002964                TAMP_STAMP_IRQHandler
                0x08002964                EXTI3_IRQHandler
                0x08002964                LPTIM2_IRQHandler
                0x08002964                DFSDM1_FLT1_IRQHandler
                0x08002964                I2C3_ER_IRQHandler
                0x08002964                DFSDM1_FLT2_IRQHandler
                0x08002964                EXTI0_IRQHandler
                0x08002964                I2C2_EV_IRQHandler
                0x08002964                CAN1_RX0_IRQHandler
                0x08002964                FPU_IRQHandler
                0x08002964                ADC1_2_IRQHandler
                0x08002964                SPI1_IRQHandler
                0x08002964                TIM6_DAC_IRQHandler
                0x08002964                TIM8_UP_IRQHandler
                0x08002964                DMA2_Channel2_IRQHandler
                0x08002964                DMA1_Channel4_IRQHandler
                0x08002964                SAI2_IRQHandler
                0x08002964                DFSDM1_FLT3_IRQHandler
                0x08002964                USART3_IRQHandler
                0x08002964                DMA1_Channel7_IRQHandler
                0x08002964                CAN1_RX1_IRQHandler
                0x08002964                LCD_IRQHandler
                0x08002964                UART5_IRQHandler
                0x08002964                ADC3_IRQHandler
                0x08002964                TIM4_IRQHandler
                0x08002964                DMA2_Channel1_IRQHandler
                0x08002964                QUADSPI_IRQHandler
                0x08002964                I2C1_EV_IRQHandler
                0x08002964                DMA1_Channel6_IRQHandler
                0x08002964                UART4_IRQHandler
                0x08002964                DMA2_Channel4_IRQHandler
                0x08002964                RCC_IRQHandler
                0x08002964                DMA1_Channel1_IRQHandler
                0x08002964                Default_Handler
                0x08002964                DMA2_Channel7_IRQHandler
                0x08002964                TIM7_IRQHandler
                0x08002964                SDMMC1_IRQHandler
                0x08002964                TIM5_IRQHandler
                0x08002964                I2C3_EV_IRQHandler
                0x08002964                EXTI9_5_IRQHandler
                0x08002964                RTC_WKUP_IRQHandler
                0x08002964                PVD_PVM_IRQHandler
                0x08002964                SPI2_IRQHandler
                0x08002964                CAN1_TX_IRQHandler
                0x08002964                DMA2_Channel5_IRQHandler
                0x08002964                DMA1_Channel5_IRQHandler
                0x08002964                EXTI4_IRQHandler
                0x08002964                RNG_IRQHandler
                0x08002964                DMA1_Channel3_IRQHandler
                0x08002964                COMP_IRQHandler
                0x08002964                WWDG_IRQHandler
                0x08002964                LPUART1_IRQHandler
                0x08002964                DMA2_Channel6_IRQHandler
                0x08002964                TIM2_IRQHandler
                0x08002964                USART2_IRQHandler
                0x08002964                DFSDM1_FLT0_IRQHandler
                0x08002964                I2C2_ER_IRQHandler
                0x08002964                DMA1_Channel2_IRQHandler
                0x08002964                TIM8_BRK_IRQHandler
                0x08002964                CAN1_SCE_IRQHandler
                0x08002964                FLASH_IRQHandler
                0x08002964                USART1_IRQHandler
                0x08002964                OTG_FS_IRQHandler
                0x08002964                SPI3_IRQHandler
                0x08002964                I2C1_ER_IRQHandler
                0x08002964                FMC_IRQHandler
                0x08002964                SWPMI1_IRQHandler
                0x08002964                LPTIM1_IRQHandler
                0x08002964                SAI1_IRQHandler
                0x08002964                DMA2_Channel3_IRQHandler
                0x08002964                TIM1_BRK_TIM15_IRQHandler
 *fill*         0x08002966        0x2 
 .text.HAL_Init
                0x08002968       0x40 ./Drivers/STM32L4xx_HAL_Driver/Src/stm32l4xx_hal.o
                0x08002968                HAL_Init
 .text.HAL_IncTick
                0x080029a8       0x28 ./Drivers/STM32L4xx_HAL_Driver/Src/stm32l4xx_hal.o
                0x080029a8                HAL_IncTick
 .text.HAL_GetTick
                0x080029d0       0x18 ./Drivers/STM32L4xx_HAL_Driver/Src/stm32l4xx_hal.o
                0x080029d0                HAL_GetTick
 .text.HAL_Delay
                0x080029e8       0x48 ./Drivers/STM32L4xx_HAL_Driver/Src/stm32l4xx_hal.o
                0x080029e8                HAL_Delay
 .text.__NVIC_SetPriorityGrouping
                0x08002a30       0x48 ./Drivers/STM32L4xx_HAL_Driver/Src/stm32l4xx_hal_cortex.o
 .text.__NVIC_GetPriorityGrouping
                0x08002a78       0x1c ./Drivers/STM32L4xx_HAL_Driver/Src/stm32l4xx_hal_cortex.o
 .text.__NVIC_EnableIRQ
                0x08002a94       0x3c ./Drivers/STM32L4xx_HAL_Driver/Src/stm32l4xx_hal_cortex.o
 .text.__NVIC_SetPriority
                0x08002ad0       0x54 ./Drivers/STM32L4xx_HAL_Driver/Src/stm32l4xx_hal_cortex.o
 .text.NVIC_EncodePriority
                0x08002b24       0x66 ./Drivers/STM32L4xx_HAL_Driver/Src/stm32l4xx_hal_cortex.o
 .text.HAL_NVIC_SetPriorityGrouping
                0x08002b8a       0x16 ./Drivers/STM32L4xx_HAL_Driver/Src/stm32l4xx_hal_cortex.o
                0x08002b8a                HAL_NVIC_SetPriorityGrouping
 .text.HAL_NVIC_SetPriority
                0x08002ba0       0x38 ./Drivers/STM32L4xx_HAL_Driver/Src/stm32l4xx_hal_cortex.o
                0x08002ba0                HAL_NVIC_SetPriority
 .text.HAL_NVIC_EnableIRQ
                0x08002bd8       0x1c ./Drivers/STM32L4xx_HAL_Driver/Src/stm32l4xx_hal_cortex.o
                0x08002bd8                HAL_NVIC_EnableIRQ
 .text.HAL_GPIO_Init
                0x08002bf4      0x354 ./Drivers/STM32L4xx_HAL_Driver/Src/stm32l4xx_hal_gpio.o
                0x08002bf4                HAL_GPIO_Init
 .text.HAL_GPIO_ReadPin
                0x08002f48       0x30 ./Drivers/STM32L4xx_HAL_Driver/Src/stm32l4xx_hal_gpio.o
                0x08002f48                HAL_GPIO_ReadPin
 .text.HAL_GPIO_WritePin
                0x08002f78       0x30 ./Drivers/STM32L4xx_HAL_Driver/Src/stm32l4xx_hal_gpio.o
                0x08002f78                HAL_GPIO_WritePin
 .text.HAL_GPIO_TogglePin
                0x08002fa8       0x34 ./Drivers/STM32L4xx_HAL_Driver/Src/stm32l4xx_hal_gpio.o
                0x08002fa8                HAL_GPIO_TogglePin
 .text.HAL_GPIO_EXTI_IRQHandler
                0x08002fdc       0x30 ./Drivers/STM32L4xx_HAL_Driver/Src/stm32l4xx_hal_gpio.o
                0x08002fdc                HAL_GPIO_EXTI_IRQHandler
 .text.HAL_I2C_Init
                0x0800300c      0x136 ./Drivers/STM32L4xx_HAL_Driver/Src/stm32l4xx_hal_i2c.o
                0x0800300c                HAL_I2C_Init
 .text.HAL_I2CEx_ConfigAnalogFilter
                0x08003142       0x96 ./Drivers/STM32L4xx_HAL_Driver/Src/stm32l4xx_hal_i2c_ex.o
                0x08003142                HAL_I2CEx_ConfigAnalogFilter
 .text.HAL_I2CEx_ConfigDigitalFilter
                0x080031d8       0x98 ./Drivers/STM32L4xx_HAL_Driver/Src/stm32l4xx_hal_i2c_ex.o
                0x080031d8                HAL_I2CEx_ConfigDigitalFilter
 .text.HAL_PWREx_GetVoltageRange
                0x08003270       0x1c ./Drivers/STM32L4xx_HAL_Driver/Src/stm32l4xx_hal_pwr_ex.o
                0x08003270                HAL_PWREx_GetVoltageRange
 .text.HAL_PWREx_ControlVoltageScaling
                0x0800328c       0xac ./Drivers/STM32L4xx_HAL_Driver/Src/stm32l4xx_hal_pwr_ex.o
                0x0800328c                HAL_PWREx_ControlVoltageScaling
 .text.HAL_RCC_OscConfig
                0x08003338      0x7b8 ./Drivers/STM32L4xx_HAL_Driver/Src/stm32l4xx_hal_rcc.o
                0x08003338                HAL_RCC_OscConfig
 .text.HAL_RCC_ClockConfig
                0x08003af0      0x200 ./Drivers/STM32L4xx_HAL_Driver/Src/stm32l4xx_hal_rcc.o
                0x08003af0                HAL_RCC_ClockConfig
 .text.HAL_RCC_GetSysClockFreq
                0x08003cf0      0x118 ./Drivers/STM32L4xx_HAL_Driver/Src/stm32l4xx_hal_rcc.o
                0x08003cf0                HAL_RCC_GetSysClockFreq
 .text.HAL_RCC_GetHCLKFreq
                0x08003e08       0x18 ./Drivers/STM32L4xx_HAL_Driver/Src/stm32l4xx_hal_rcc.o
                0x08003e08                HAL_RCC_GetHCLKFreq
 .text.HAL_RCC_GetPCLK1Freq
                0x08003e20       0x2c ./Drivers/STM32L4xx_HAL_Driver/Src/stm32l4xx_hal_rcc.o
                0x08003e20                HAL_RCC_GetPCLK1Freq
 .text.HAL_RCC_GetPCLK2Freq
                0x08003e4c       0x2c ./Drivers/STM32L4xx_HAL_Driver/Src/stm32l4xx_hal_rcc.o
                0x08003e4c                HAL_RCC_GetPCLK2Freq
 .text.HAL_RCC_GetClockConfig
                0x08003e78       0x64 ./Drivers/STM32L4xx_HAL_Driver/Src/stm32l4xx_hal_rcc.o
                0x08003e78                HAL_RCC_GetClockConfig
 .text.RCC_SetFlashLatencyFromMSIRange
                0x08003edc       0xc0 ./Drivers/STM32L4xx_HAL_Driver/Src/stm32l4xx_hal_rcc.o
 .text.HAL_RCCEx_PeriphCLKConfig
                0x08003f9c      0x5d4 ./Drivers/STM32L4xx_HAL_Driver/Src/stm32l4xx_hal_rcc_ex.o
                0x08003f9c                HAL_RCCEx_PeriphCLKConfig
 .text.RCCEx_PLLSAI1_Config
                0x08004570      0x1e8 ./Drivers/STM32L4xx_HAL_Driver/Src/stm32l4xx_hal_rcc_ex.o
 .text.RCCEx_PLLSAI2_Config
                0x08004758      0x1bc ./Drivers/STM32L4xx_HAL_Driver/Src/stm32l4xx_hal_rcc_ex.o
 .text.HAL_SPI_Init
                0x08004914      0x146 ./Drivers/STM32L4xx_HAL_Driver/Src/stm32l4xx_hal_spi.o
                0x08004914                HAL_SPI_Init
 .text.HAL_SPI_Transmit
                0x08004a5a      0x2ec ./Drivers/STM32L4xx_HAL_Driver/Src/stm32l4xx_hal_spi.o
                0x08004a5a                HAL_SPI_Transmit
 .text.HAL_SPI_TransmitReceive
                0x08004d46      0x43e ./Drivers/STM32L4xx_HAL_Driver/Src/stm32l4xx_hal_spi.o
                0x08004d46                HAL_SPI_TransmitReceive
 .text.SPI_WaitFlagStateUntilTimeout
                0x08005184      0x110 ./Drivers/STM32L4xx_HAL_Driver/Src/stm32l4xx_hal_spi.o
 .text.SPI_WaitFifoStateUntilTimeout
                0x08005294      0x12c ./Drivers/STM32L4xx_HAL_Driver/Src/stm32l4xx_hal_spi.o
 .text.SPI_EndRxTxTransaction
                0x080053c0       0x8c ./Drivers/STM32L4xx_HAL_Driver/Src/stm32l4xx_hal_spi.o
 .text.HAL_TIM_Base_Init
                0x0800544c       0xae ./Drivers/STM32L4xx_HAL_Driver/Src/stm32l4xx_hal_tim.o
                0x0800544c                HAL_TIM_Base_Init
 *fill*         0x080054fa        0x2 
 .text.HAL_TIM_Base_Start_IT
                0x080054fc       0xe0 ./Drivers/STM32L4xx_HAL_Driver/Src/stm32l4xx_hal_tim.o
                0x080054fc                HAL_TIM_Base_Start_IT
 .text.HAL_TIM_Base_Stop_IT
                0x080055dc       0x5e ./Drivers/STM32L4xx_HAL_Driver/Src/stm32l4xx_hal_tim.o
                0x080055dc                HAL_TIM_Base_Stop_IT
 .text.HAL_TIM_PWM_Init
                0x0800563a       0xae ./Drivers/STM32L4xx_HAL_Driver/Src/stm32l4xx_hal_tim.o
                0x0800563a                HAL_TIM_PWM_Init
 .text.HAL_TIM_PWM_Start
                0x080056e8      0x20c ./Drivers/STM32L4xx_HAL_Driver/Src/stm32l4xx_hal_tim.o
                0x080056e8                HAL_TIM_PWM_Start
 .text.HAL_TIM_PWM_Stop
                0x080058f4      0x12c ./Drivers/STM32L4xx_HAL_Driver/Src/stm32l4xx_hal_tim.o
                0x080058f4                HAL_TIM_PWM_Stop
 .text.HAL_TIM_IRQHandler
                0x08005a20      0x20e ./Drivers/STM32L4xx_HAL_Driver/Src/stm32l4xx_hal_tim.o
                0x08005a20                HAL_TIM_IRQHandler
 *fill*         0x08005c2e        0x2 
 .text.HAL_TIM_PWM_ConfigChannel
                0x08005c30      0x228 ./Drivers/STM32L4xx_HAL_Driver/Src/stm32l4xx_hal_tim.o
                0x08005c30                HAL_TIM_PWM_ConfigChannel
 .text.HAL_TIM_OC_DelayElapsedCallback
                0x08005e58       0x14 ./Drivers/STM32L4xx_HAL_Driver/Src/stm32l4xx_hal_tim.o
                0x08005e58                HAL_TIM_OC_DelayElapsedCallback
 .text.HAL_TIM_IC_CaptureCallback
                0x08005e6c       0x14 ./Drivers/STM32L4xx_HAL_Driver/Src/stm32l4xx_hal_tim.o
                0x08005e6c                HAL_TIM_IC_CaptureCallback
 .text.HAL_TIM_PWM_PulseFinishedCallback
                0x08005e80       0x14 ./Drivers/STM32L4xx_HAL_Driver/Src/stm32l4xx_hal_tim.o
                0x08005e80                HAL_TIM_PWM_PulseFinishedCallback
 .text.HAL_TIM_TriggerCallback
                0x08005e94       0x14 ./Drivers/STM32L4xx_HAL_Driver/Src/stm32l4xx_hal_tim.o
                0x08005e94                HAL_TIM_TriggerCallback
 .text.TIM_Base_SetConfig
                0x08005ea8      0x14c ./Drivers/STM32L4xx_HAL_Driver/Src/stm32l4xx_hal_tim.o
                0x08005ea8                TIM_Base_SetConfig
 .text.TIM_OC1_SetConfig
                0x08005ff4      0x120 ./Drivers/STM32L4xx_HAL_Driver/Src/stm32l4xx_hal_tim.o
 .text.TIM_OC2_SetConfig
                0x08006114      0x114 ./Drivers/STM32L4xx_HAL_Driver/Src/stm32l4xx_hal_tim.o
                0x08006114                TIM_OC2_SetConfig
 .text.TIM_OC3_SetConfig
                0x08006228      0x110 ./Drivers/STM32L4xx_HAL_Driver/Src/stm32l4xx_hal_tim.o
 .text.TIM_OC4_SetConfig
                0x08006338       0xd4 ./Drivers/STM32L4xx_HAL_Driver/Src/stm32l4xx_hal_tim.o
 .text.TIM_OC5_SetConfig
                0x0800640c       0xc8 ./Drivers/STM32L4xx_HAL_Driver/Src/stm32l4xx_hal_tim.o
 .text.TIM_OC6_SetConfig
                0x080064d4       0xcc ./Drivers/STM32L4xx_HAL_Driver/Src/stm32l4xx_hal_tim.o
 .text.TIM_CCxChannelCmd
                0x080065a0       0x4a ./Drivers/STM32L4xx_HAL_Driver/Src/stm32l4xx_hal_tim.o
                0x080065a0                TIM_CCxChannelCmd
 *fill*         0x080065ea        0x2 
 .text.HAL_TIMEx_MasterConfigSynchronization
                0x080065ec      0x110 ./Drivers/STM32L4xx_HAL_Driver/Src/stm32l4xx_hal_tim_ex.o
                0x080065ec                HAL_TIMEx_MasterConfigSynchronization
 .text.HAL_TIMEx_CommutCallback
                0x080066fc       0x14 ./Drivers/STM32L4xx_HAL_Driver/Src/stm32l4xx_hal_tim_ex.o
                0x080066fc                HAL_TIMEx_CommutCallback
 .text.HAL_TIMEx_BreakCallback
                0x08006710       0x14 ./Drivers/STM32L4xx_HAL_Driver/Src/stm32l4xx_hal_tim_ex.o
                0x08006710                HAL_TIMEx_BreakCallback
 .text.HAL_TIMEx_Break2Callback
                0x08006724       0x14 ./Drivers/STM32L4xx_HAL_Driver/Src/stm32l4xx_hal_tim_ex.o
                0x08006724                HAL_TIMEx_Break2Callback
 .text.HAL_UART_Init
                0x08006738       0x9c ./Drivers/STM32L4xx_HAL_Driver/Src/stm32l4xx_hal_uart.o
                0x08006738                HAL_UART_Init
 .text.HAL_UART_Transmit
                0x080067d4      0x112 ./Drivers/STM32L4xx_HAL_Driver/Src/stm32l4xx_hal_uart.o
                0x080067d4                HAL_UART_Transmit
 *fill*         0x080068e6        0x2 
 .text.UART_SetConfig
                0x080068e8      0x570 ./Drivers/STM32L4xx_HAL_Driver/Src/stm32l4xx_hal_uart.o
                0x080068e8                UART_SetConfig
 .text.UART_AdvFeatureConfig
                0x08006e58      0x144 ./Drivers/STM32L4xx_HAL_Driver/Src/stm32l4xx_hal_uart.o
                0x08006e58                UART_AdvFeatureConfig
 .text.UART_CheckIdleState
                0x08006f9c      0x150 ./Drivers/STM32L4xx_HAL_Driver/Src/stm32l4xx_hal_uart.o
                0x08006f9c                UART_CheckIdleState
 .text.UART_WaitOnFlagUntilTimeout
                0x080070ec       0xda ./Drivers/STM32L4xx_HAL_Driver/Src/stm32l4xx_hal_uart.o
                0x080070ec                UART_WaitOnFlagUntilTimeout
 .text.UART_EndRxTransfer
                0x080071c6       0xc8 ./Drivers/STM32L4xx_HAL_Driver/Src/stm32l4xx_hal_uart.o
 *fill*         0x0800728e        0x2 
 .text.MX_FATFS_Init
                0x08007290       0x24 ./FATFS/App/fatfs.o
                0x08007290                MX_FATFS_Init
 .text.get_fattime
                0x080072b4       0x10 ./FATFS/App/fatfs.o
                0x080072b4                get_fattime
 .text.USER_initialize
                0x080072c4       0x1c ./FATFS/Target/user_diskio.o
                0x080072c4                USER_initialize
 .text.USER_status
                0x080072e0       0x1c ./FATFS/Target/user_diskio.o
                0x080072e0                USER_status
 .text.USER_read
                0x080072fc       0x26 ./FATFS/Target/user_diskio.o
                0x080072fc                USER_read
 .text.USER_write
                0x08007322       0x26 ./FATFS/Target/user_diskio.o
                0x08007322                USER_write
 .text.USER_ioctl
                0x08007348       0x26 ./FATFS/Target/user_diskio.o
                0x08007348                USER_ioctl
 *fill*         0x0800736e        0x2 
 .text.SPI_Timer_On
                0x08007370       0x28 ./FATFS/Target/user_diskio_spi.o
                0x08007370                SPI_Timer_On
 .text.SPI_Timer_Status
                0x08007398       0x2c ./FATFS/Target/user_diskio_spi.o
                0x08007398                SPI_Timer_Status
 .text.xchg_spi
                0x080073c4       0x2c ./FATFS/Target/user_diskio_spi.o
 .text.rcvr_spi_multi
                0x080073f0       0x38 ./FATFS/Target/user_diskio_spi.o
 .text.xmit_spi_multi
                0x08007428       0x28 ./FATFS/Target/user_diskio_spi.o
 .text.wait_ready
                0x08007450       0x46 ./FATFS/Target/user_diskio_spi.o
 *fill*         0x08007496        0x2 
 .text.despiselect
                0x08007498       0x1c ./FATFS/Target/user_diskio_spi.o
 .text.spiselect
                0x080074b4       0x34 ./FATFS/Target/user_diskio_spi.o
 .text.rcvr_datablock
                0x080074e8       0x52 ./FATFS/Target/user_diskio_spi.o
 .text.xmit_datablock
                0x0800753a       0x64 ./FATFS/Target/user_diskio_spi.o
 .text.send_cmd
                0x0800759e       0xde ./FATFS/Target/user_diskio_spi.o
 .text.USER_SPI_initialize
                0x0800767c      0x1d8 ./FATFS/Target/user_diskio_spi.o
                0x0800767c                USER_SPI_initialize
 .text.USER_SPI_status
                0x08007854       0x2c ./FATFS/Target/user_diskio_spi.o
                0x08007854                USER_SPI_status
 .text.USER_SPI_read
                0x08007880       0xcc ./FATFS/Target/user_diskio_spi.o
                0x08007880                USER_SPI_read
 .text.USER_SPI_write
                0x0800794c       0xf8 ./FATFS/Target/user_diskio_spi.o
                0x0800794c                USER_SPI_write
 .text.USER_SPI_ioctl
                0x08007a44      0x2e0 ./FATFS/Target/user_diskio_spi.o
                0x08007a44                USER_SPI_ioctl
 .text.disk_status
                0x08007d24       0x34 ./Middlewares/Third_Party/FatFs/src/diskio.o
                0x08007d24                disk_status
 .text.disk_initialize
                0x08007d58       0x4c ./Middlewares/Third_Party/FatFs/src/diskio.o
                0x08007d58                disk_initialize
 .text.disk_read
                0x08007da4       0x40 ./Middlewares/Third_Party/FatFs/src/diskio.o
                0x08007da4                disk_read
 .text.disk_write
                0x08007de4       0x40 ./Middlewares/Third_Party/FatFs/src/diskio.o
                0x08007de4                disk_write
 .text.disk_ioctl
                0x08007e24       0x3c ./Middlewares/Third_Party/FatFs/src/diskio.o
                0x08007e24                disk_ioctl
 .text.ld_word  0x08007e60       0x32 ./Middlewares/Third_Party/FatFs/src/ff.o
 .text.ld_dword
                0x08007e92       0x46 ./Middlewares/Third_Party/FatFs/src/ff.o
 .text.st_word  0x08007ed8       0x36 ./Middlewares/Third_Party/FatFs/src/ff.o
 .text.st_dword
                0x08007f0e       0x58 ./Middlewares/Third_Party/FatFs/src/ff.o
 .text.mem_cpy  0x08007f66       0x42 ./Middlewares/Third_Party/FatFs/src/ff.o
 .text.mem_set  0x08007fa8       0x36 ./Middlewares/Third_Party/FatFs/src/ff.o
 .text.mem_cmp  0x08007fde       0x4e ./Middlewares/Third_Party/FatFs/src/ff.o
 .text.chk_chr  0x0800802c       0x36 ./Middlewares/Third_Party/FatFs/src/ff.o
 .text.lock_fs  0x08008062       0x2c ./Middlewares/Third_Party/FatFs/src/ff.o
 .text.unlock_fs
                0x0800808e       0x36 ./Middlewares/Third_Party/FatFs/src/ff.o
 .text.chk_lock
                0x080080c4       0xb8 ./Middlewares/Third_Party/FatFs/src/ff.o
 .text.enq_lock
                0x0800817c       0x44 ./Middlewares/Third_Party/FatFs/src/ff.o
 .text.inc_lock
                0x080081c0      0x11c ./Middlewares/Third_Party/FatFs/src/ff.o
 .text.dec_lock
                0x080082dc       0x78 ./Middlewares/Third_Party/FatFs/src/ff.o
 .text.clear_lock
                0x08008354       0x48 ./Middlewares/Third_Party/FatFs/src/ff.o
 .text.sync_window
                0x0800839c       0x88 ./Middlewares/Third_Party/FatFs/src/ff.o
 .text.move_window
                0x08008424       0x5a ./Middlewares/Third_Party/FatFs/src/ff.o
 *fill*         0x0800847e        0x2 
 .text.sync_fs  0x08008480       0xdc ./Middlewares/Third_Party/FatFs/src/ff.o
 .text.clust2sect
                0x0800855c       0x3e ./Middlewares/Third_Party/FatFs/src/ff.o
 .text.get_fat  0x0800859a      0x14e ./Middlewares/Third_Party/FatFs/src/ff.o
 .text.put_fat  0x080086e8      0x1d4 ./Middlewares/Third_Party/FatFs/src/ff.o
 .text.remove_chain
                0x080088bc       0xca ./Middlewares/Third_Party/FatFs/src/ff.o
 .text.create_chain
                0x08008986      0x130 ./Middlewares/Third_Party/FatFs/src/ff.o
 .text.clmt_clust
                0x08008ab6       0x68 ./Middlewares/Third_Party/FatFs/src/ff.o
 .text.dir_sdi  0x08008b1e       0xf6 ./Middlewares/Third_Party/FatFs/src/ff.o
 .text.dir_next
                0x08008c14      0x18a ./Middlewares/Third_Party/FatFs/src/ff.o
 .text.dir_alloc
                0x08008d9e       0x8e ./Middlewares/Third_Party/FatFs/src/ff.o
 .text.ld_clust
                0x08008e2c       0x3e ./Middlewares/Third_Party/FatFs/src/ff.o
 .text.st_clust
                0x08008e6a       0x40 ./Middlewares/Third_Party/FatFs/src/ff.o
 .text.dir_find
                0x08008eaa       0xaa ./Middlewares/Third_Party/FatFs/src/ff.o
 .text.dir_register
                0x08008f54       0x64 ./Middlewares/Third_Party/FatFs/src/ff.o
 .text.create_name
                0x08008fb8      0x128 ./Middlewares/Third_Party/FatFs/src/ff.o
 .text.follow_path
                0x080090e0       0xe2 ./Middlewares/Third_Party/FatFs/src/ff.o
 .text.get_ldnumber
                0x080091c2       0x88 ./Middlewares/Third_Party/FatFs/src/ff.o
 *fill*         0x0800924a        0x2 
 .text.check_fs
                0x0800924c       0xac ./Middlewares/Third_Party/FatFs/src/ff.o
 .text.find_volume
                0x080092f8      0x4a8 ./Middlewares/Third_Party/FatFs/src/ff.o
 .text.validate
                0x080097a0       0x8e ./Middlewares/Third_Party/FatFs/src/ff.o
 *fill*         0x0800982e        0x2 
 .text.f_mount  0x08009830       0xc8 ./Middlewares/Third_Party/FatFs/src/ff.o
                0x08009830                f_mount
 .text.f_open   0x080098f8      0x382 ./Middlewares/Third_Party/FatFs/src/ff.o
                0x080098f8                f_open
 .text.f_read   0x08009c7a      0x2dc ./Middlewares/Third_Party/FatFs/src/ff.o
                0x08009c7a                f_read
 .text.f_sync   0x08009f56      0x112 ./Middlewares/Third_Party/FatFs/src/ff.o
                0x08009f56                f_sync
 .text.f_close  0x0800a068       0x5e ./Middlewares/Third_Party/FatFs/src/ff.o
                0x0800a068                f_close
 .text.f_gets   0x0800a0c6       0x7c ./Middlewares/Third_Party/FatFs/src/ff.o
                0x0800a0c6                f_gets
 *fill*         0x0800a142        0x2 
 .text.FATFS_LinkDriverEx
                0x0800a144       0x98 ./Middlewares/Third_Party/FatFs/src/ff_gen_drv.o
                0x0800a144                FATFS_LinkDriverEx
 .text.FATFS_LinkDriver
                0x0800a1dc       0x1e ./Middlewares/Third_Party/FatFs/src/ff_gen_drv.o
                0x0800a1dc                FATFS_LinkDriver
 .text.ff_cre_syncobj
                0x0800a1fa       0x36 ./Middlewares/Third_Party/FatFs/src/option/syscall.o
                0x0800a1fa                ff_cre_syncobj
 .text.ff_del_syncobj
                0x0800a230       0x18 ./Middlewares/Third_Party/FatFs/src/option/syscall.o
                0x0800a230                ff_del_syncobj
 .text.ff_req_grant
                0x0800a248       0x2a ./Middlewares/Third_Party/FatFs/src/option/syscall.o
                0x0800a248                ff_req_grant
 .text.ff_rel_grant
                0x0800a272       0x16 ./Middlewares/Third_Party/FatFs/src/option/syscall.o
                0x0800a272                ff_rel_grant
 .text.__NVIC_SetPriority
                0x0800a288       0x54 ./Middlewares/Third_Party/FreeRTOS/Source/CMSIS_RTOS_V2/cmsis_os2.o
 .text.SysTick_Handler
                0x0800a2dc       0x20 ./Middlewares/Third_Party/FreeRTOS/Source/CMSIS_RTOS_V2/cmsis_os2.o
                0x0800a2dc                SysTick_Handler
 .text.SVC_Setup
                0x0800a2fc       0x12 ./Middlewares/Third_Party/FreeRTOS/Source/CMSIS_RTOS_V2/cmsis_os2.o
 *fill*         0x0800a30e        0x2 
 .text.osKernelInitialize
                0x0800a310       0x48 ./Middlewares/Third_Party/FreeRTOS/Source/CMSIS_RTOS_V2/cmsis_os2.o
                0x0800a310                osKernelInitialize
 .text.osKernelStart
                0x0800a358       0x4c ./Middlewares/Third_Party/FreeRTOS/Source/CMSIS_RTOS_V2/cmsis_os2.o
                0x0800a358                osKernelStart
 .text.osThreadNew
                0x0800a3a4      0x124 ./Middlewares/Third_Party/FreeRTOS/Source/CMSIS_RTOS_V2/cmsis_os2.o
                0x0800a3a4                osThreadNew
 .text.osDelay  0x0800a4c8       0x36 ./Middlewares/Third_Party/FreeRTOS/Source/CMSIS_RTOS_V2/cmsis_os2.o
                0x0800a4c8                osDelay
 .text.osSemaphoreNew
                0x0800a4fe      0x112 ./Middlewares/Third_Party/FreeRTOS/Source/CMSIS_RTOS_V2/cmsis_os2.o
                0x0800a4fe                osSemaphoreNew
 .text.osSemaphoreAcquire
                0x0800a610       0xa4 ./Middlewares/Third_Party/FreeRTOS/Source/CMSIS_RTOS_V2/cmsis_os2.o
                0x0800a610                osSemaphoreAcquire
 .text.osSemaphoreRelease
                0x0800a6b4       0x88 ./Middlewares/Third_Party/FreeRTOS/Source/CMSIS_RTOS_V2/cmsis_os2.o
                0x0800a6b4                osSemaphoreRelease
 .text.osSemaphoreGetCount
                0x0800a73c       0x40 ./Middlewares/Third_Party/FreeRTOS/Source/CMSIS_RTOS_V2/cmsis_os2.o
                0x0800a73c                osSemaphoreGetCount
 .text.osSemaphoreDelete
                0x0800a77c       0x48 ./Middlewares/Third_Party/FreeRTOS/Source/CMSIS_RTOS_V2/cmsis_os2.o
                0x0800a77c                osSemaphoreDelete
 .text.osMessageQueueNew
                0x0800a7c4       0xe6 ./Middlewares/Third_Party/FreeRTOS/Source/CMSIS_RTOS_V2/cmsis_os2.o
                0x0800a7c4                osMessageQueueNew
 *fill*         0x0800a8aa        0x2 
 .text.osMessageQueuePut
                0x0800a8ac       0xc0 ./Middlewares/Third_Party/FreeRTOS/Source/CMSIS_RTOS_V2/cmsis_os2.o
                0x0800a8ac                osMessageQueuePut
 .text.osMessageQueueGet
                0x0800a96c       0xbc ./Middlewares/Third_Party/FreeRTOS/Source/CMSIS_RTOS_V2/cmsis_os2.o
                0x0800a96c                osMessageQueueGet
 .text.vApplicationGetIdleTaskMemory
                0x0800aa28       0x34 ./Middlewares/Third_Party/FreeRTOS/Source/CMSIS_RTOS_V2/cmsis_os2.o
                0x0800aa28                vApplicationGetIdleTaskMemory
 .text.vApplicationGetTimerTaskMemory
                0x0800aa5c       0x34 ./Middlewares/Third_Party/FreeRTOS/Source/CMSIS_RTOS_V2/cmsis_os2.o
                0x0800aa5c                vApplicationGetTimerTaskMemory
 .text.vListInitialise
                0x0800aa90       0x40 ./Middlewares/Third_Party/FreeRTOS/Source/list.o
                0x0800aa90                vListInitialise
 .text.vListInitialiseItem
                0x0800aad0       0x1a ./Middlewares/Third_Party/FreeRTOS/Source/list.o
                0x0800aad0                vListInitialiseItem
 .text.vListInsertEnd
                0x0800aaea       0x48 ./Middlewares/Third_Party/FreeRTOS/Source/list.o
                0x0800aaea                vListInsertEnd
 .text.vListInsert
                0x0800ab32       0x72 ./Middlewares/Third_Party/FreeRTOS/Source/list.o
                0x0800ab32                vListInsert
 .text.uxListRemove
                0x0800aba4       0x54 ./Middlewares/Third_Party/FreeRTOS/Source/list.o
                0x0800aba4                uxListRemove
 .text.xQueueGenericReset
                0x0800abf8       0xd4 ./Middlewares/Third_Party/FreeRTOS/Source/queue.o
                0x0800abf8                xQueueGenericReset
 .text.xQueueGenericCreateStatic
                0x0800accc       0xfa ./Middlewares/Third_Party/FreeRTOS/Source/queue.o
                0x0800accc                xQueueGenericCreateStatic
 .text.xQueueGenericCreate
                0x0800adc6       0x76 ./Middlewares/Third_Party/FreeRTOS/Source/queue.o
                0x0800adc6                xQueueGenericCreate
 .text.prvInitialiseNewQueue
                0x0800ae3c       0x46 ./Middlewares/Third_Party/FreeRTOS/Source/queue.o
 .text.xQueueCreateCountingSemaphoreStatic
                0x0800ae82       0x72 ./Middlewares/Third_Party/FreeRTOS/Source/queue.o
                0x0800ae82                xQueueCreateCountingSemaphoreStatic
 .text.xQueueCreateCountingSemaphore
                0x0800aef4       0x6a ./Middlewares/Third_Party/FreeRTOS/Source/queue.o
                0x0800aef4                xQueueCreateCountingSemaphore
 *fill*         0x0800af5e        0x2 
 .text.xQueueGenericSend
                0x0800af60      0x204 ./Middlewares/Third_Party/FreeRTOS/Source/queue.o
                0x0800af60                xQueueGenericSend
 .text.xQueueGenericSendFromISR
                0x0800b164      0x13c ./Middlewares/Third_Party/FreeRTOS/Source/queue.o
                0x0800b164                xQueueGenericSendFromISR
 .text.xQueueGiveFromISR
                0x0800b2a0      0x120 ./Middlewares/Third_Party/FreeRTOS/Source/queue.o
                0x0800b2a0                xQueueGiveFromISR
 .text.xQueueReceive
                0x0800b3c0      0x1c4 ./Middlewares/Third_Party/FreeRTOS/Source/queue.o
                0x0800b3c0                xQueueReceive
 .text.xQueueSemaphoreTake
                0x0800b584      0x220 ./Middlewares/Third_Party/FreeRTOS/Source/queue.o
                0x0800b584                xQueueSemaphoreTake
 .text.xQueueReceiveFromISR
                0x0800b7a4      0x104 ./Middlewares/Third_Party/FreeRTOS/Source/queue.o
                0x0800b7a4                xQueueReceiveFromISR
 .text.uxQueueMessagesWaiting
                0x0800b8a8       0x3e ./Middlewares/Third_Party/FreeRTOS/Source/queue.o
                0x0800b8a8                uxQueueMessagesWaiting
 .text.uxQueueMessagesWaitingFromISR
                0x0800b8e6       0x3e ./Middlewares/Third_Party/FreeRTOS/Source/queue.o
                0x0800b8e6                uxQueueMessagesWaitingFromISR
 .text.vQueueDelete
                0x0800b924       0x48 ./Middlewares/Third_Party/FreeRTOS/Source/queue.o
                0x0800b924                vQueueDelete
 .text.prvGetDisinheritPriorityAfterTimeout
                0x0800b96c       0x30 ./Middlewares/Third_Party/FreeRTOS/Source/queue.o
 .text.prvCopyDataToQueue
                0x0800b99c       0xd4 ./Middlewares/Third_Party/FreeRTOS/Source/queue.o
 .text.prvCopyDataFromQueue
                0x0800ba70       0x4c ./Middlewares/Third_Party/FreeRTOS/Source/queue.o
 .text.prvUnlockQueue
                0x0800babc       0xa4 ./Middlewares/Third_Party/FreeRTOS/Source/queue.o
 .text.prvIsQueueEmpty
                0x0800bb60       0x2c ./Middlewares/Third_Party/FreeRTOS/Source/queue.o
 .text.prvIsQueueFull
                0x0800bb8c       0x30 ./Middlewares/Third_Party/FreeRTOS/Source/queue.o
 .text.vQueueAddToRegistry
                0x0800bbbc       0x54 ./Middlewares/Third_Party/FreeRTOS/Source/queue.o
                0x0800bbbc                vQueueAddToRegistry
 .text.vQueueUnregisterQueue
                0x0800bc10       0x54 ./Middlewares/Third_Party/FreeRTOS/Source/queue.o
                0x0800bc10                vQueueUnregisterQueue
 .text.vQueueWaitForMessageRestricted
                0x0800bc64       0x68 ./Middlewares/Third_Party/FreeRTOS/Source/queue.o
                0x0800bc64                vQueueWaitForMessageRestricted
 .text.xTaskCreateStatic
                0x0800bccc       0xc0 ./Middlewares/Third_Party/FreeRTOS/Source/tasks.o
                0x0800bccc                xTaskCreateStatic
 .text.xTaskCreate
                0x0800bd8c       0x8a ./Middlewares/Third_Party/FreeRTOS/Source/tasks.o
                0x0800bd8c                xTaskCreate
 *fill*         0x0800be16        0x2 
 .text.prvInitialiseNewTask
                0x0800be18      0x150 ./Middlewares/Third_Party/FreeRTOS/Source/tasks.o
 .text.prvAddNewTaskToReadyList
                0x0800bf68       0xe0 ./Middlewares/Third_Party/FreeRTOS/Source/tasks.o
 .text.vTaskDelay
                0x0800c048       0x6c ./Middlewares/Third_Party/FreeRTOS/Source/tasks.o
                0x0800c048                vTaskDelay
 .text.vTaskStartScheduler
                0x0800c0b4       0xe0 ./Middlewares/Third_Party/FreeRTOS/Source/tasks.o
                0x0800c0b4                vTaskStartScheduler
 .text.vTaskSuspendAll
                0x0800c194       0x1c ./Middlewares/Third_Party/FreeRTOS/Source/tasks.o
                0x0800c194                vTaskSuspendAll
 .text.xTaskResumeAll
                0x0800c1b0      0x13c ./Middlewares/Third_Party/FreeRTOS/Source/tasks.o
                0x0800c1b0                xTaskResumeAll
 .text.xTaskGetTickCount
                0x0800c2ec       0x20 ./Middlewares/Third_Party/FreeRTOS/Source/tasks.o
                0x0800c2ec                xTaskGetTickCount
 .text.xTaskIncrementTick
                0x0800c30c      0x174 ./Middlewares/Third_Party/FreeRTOS/Source/tasks.o
                0x0800c30c                xTaskIncrementTick
 .text.vTaskSwitchContext
                0x0800c480       0xcc ./Middlewares/Third_Party/FreeRTOS/Source/tasks.o
                0x0800c480                vTaskSwitchContext
 .text.vTaskPlaceOnEventList
                0x0800c54c       0x4c ./Middlewares/Third_Party/FreeRTOS/Source/tasks.o
                0x0800c54c                vTaskPlaceOnEventList
 .text.vTaskPlaceOnEventListRestricted
                0x0800c598       0x58 ./Middlewares/Third_Party/FreeRTOS/Source/tasks.o
                0x0800c598                vTaskPlaceOnEventListRestricted
 .text.xTaskRemoveFromEventList
                0x0800c5f0       0xc8 ./Middlewares/Third_Party/FreeRTOS/Source/tasks.o
                0x0800c5f0                xTaskRemoveFromEventList
 .text.vTaskInternalSetTimeOutState
                0x0800c6b8       0x2c ./Middlewares/Third_Party/FreeRTOS/Source/tasks.o
                0x0800c6b8                vTaskInternalSetTimeOutState
 .text.xTaskCheckForTimeOut
                0x0800c6e4       0xc8 ./Middlewares/Third_Party/FreeRTOS/Source/tasks.o
                0x0800c6e4                xTaskCheckForTimeOut
 .text.vTaskMissedYield
                0x0800c7ac       0x18 ./Middlewares/Third_Party/FreeRTOS/Source/tasks.o
                0x0800c7ac                vTaskMissedYield
 .text.prvIdleTask
                0x0800c7c4       0x30 ./Middlewares/Third_Party/FreeRTOS/Source/tasks.o
 .text.prvInitialiseTaskLists
                0x0800c7f4       0x80 ./Middlewares/Third_Party/FreeRTOS/Source/tasks.o
 .text.prvCheckTasksWaitingTermination
                0x0800c874       0x5c ./Middlewares/Third_Party/FreeRTOS/Source/tasks.o
 .text.prvDeleteTCB
                0x0800c8d0       0x6a ./Middlewares/Third_Party/FreeRTOS/Source/tasks.o
 *fill*         0x0800c93a        0x2 
 .text.prvResetNextTaskUnblockTime
                0x0800c93c       0x40 ./Middlewares/Third_Party/FreeRTOS/Source/tasks.o
 .text.xTaskGetSchedulerState
                0x0800c97c       0x3c ./Middlewares/Third_Party/FreeRTOS/Source/tasks.o
                0x0800c97c                xTaskGetSchedulerState
 .text.xTaskPriorityInherit
                0x0800c9b8       0xd0 ./Middlewares/Third_Party/FreeRTOS/Source/tasks.o
                0x0800c9b8                xTaskPriorityInherit
 .text.xTaskPriorityDisinherit
                0x0800ca88       0xe0 ./Middlewares/Third_Party/FreeRTOS/Source/tasks.o
                0x0800ca88                xTaskPriorityDisinherit
 .text.vTaskPriorityDisinheritAfterTimeout
                0x0800cb68      0x108 ./Middlewares/Third_Party/FreeRTOS/Source/tasks.o
                0x0800cb68                vTaskPriorityDisinheritAfterTimeout
 .text.pvTaskIncrementMutexHeldCount
                0x0800cc70       0x28 ./Middlewares/Third_Party/FreeRTOS/Source/tasks.o
                0x0800cc70                pvTaskIncrementMutexHeldCount
 .text.prvAddCurrentTaskToDelayedList
                0x0800cc98       0xa8 ./Middlewares/Third_Party/FreeRTOS/Source/tasks.o
 .text.xTimerCreateTimerTask
                0x0800cd40       0x94 ./Middlewares/Third_Party/FreeRTOS/Source/timers.o
                0x0800cd40                xTimerCreateTimerTask
 .text.xTimerGenericCommand
                0x0800cdd4       0x9c ./Middlewares/Third_Party/FreeRTOS/Source/timers.o
                0x0800cdd4                xTimerGenericCommand
 .text.prvProcessExpiredTimer
                0x0800ce70       0x9c ./Middlewares/Third_Party/FreeRTOS/Source/timers.o
 .text.prvTimerTask
                0x0800cf0c       0x26 ./Middlewares/Third_Party/FreeRTOS/Source/timers.o
 *fill*         0x0800cf32        0x2 
 .text.prvProcessTimerOrBlockTask
                0x0800cf34       0x9c ./Middlewares/Third_Party/FreeRTOS/Source/timers.o
 .text.prvGetNextExpireTime
                0x0800cfd0       0x48 ./Middlewares/Third_Party/FreeRTOS/Source/timers.o
 .text.prvSampleTimeNow
                0x0800d018       0x40 ./Middlewares/Third_Party/FreeRTOS/Source/timers.o
 .text.prvInsertTimerInActiveList
                0x0800d058       0x84 ./Middlewares/Third_Party/FreeRTOS/Source/timers.o
 .text.prvProcessReceivedCommands
                0x0800d0dc      0x1cc ./Middlewares/Third_Party/FreeRTOS/Source/timers.o
 .text.prvSwitchTimerLists
                0x0800d2a8       0xcc ./Middlewares/Third_Party/FreeRTOS/Source/timers.o
 .text.prvCheckForValidListAndQueue
                0x0800d374       0x80 ./Middlewares/Third_Party/FreeRTOS/Source/timers.o
 .text.pxPortInitialiseStack
                0x0800d3f4       0x68 ./Middlewares/Third_Party/FreeRTOS/Source/portable/GCC/ARM_CM4F/port.o
                0x0800d3f4                pxPortInitialiseStack
 .text.prvTaskExitError
                0x0800d45c       0x5c ./Middlewares/Third_Party/FreeRTOS/Source/portable/GCC/ARM_CM4F/port.o
 *fill*         0x0800d4b8        0x8 
 .text.SVC_Handler
                0x0800d4c0       0x28 ./Middlewares/Third_Party/FreeRTOS/Source/portable/GCC/ARM_CM4F/port.o
                0x0800d4c0                SVC_Handler
 .text.prvPortStartFirstTask
                0x0800d4e8       0x28 ./Middlewares/Third_Party/FreeRTOS/Source/portable/GCC/ARM_CM4F/port.o
 .text.xPortStartScheduler
                0x0800d510      0x148 ./Middlewares/Third_Party/FreeRTOS/Source/portable/GCC/ARM_CM4F/port.o
                0x0800d510                xPortStartScheduler
 .text.vPortEnterCritical
                0x0800d658       0x64 ./Middlewares/Third_Party/FreeRTOS/Source/portable/GCC/ARM_CM4F/port.o
                0x0800d658                vPortEnterCritical
 .text.vPortExitCritical
                0x0800d6bc       0x54 ./Middlewares/Third_Party/FreeRTOS/Source/portable/GCC/ARM_CM4F/port.o
                0x0800d6bc                vPortExitCritical
 .text.PendSV_Handler
                0x0800d710       0x68 ./Middlewares/Third_Party/FreeRTOS/Source/portable/GCC/ARM_CM4F/port.o
                0x0800d710                PendSV_Handler
 .text.xPortSysTickHandler
                0x0800d778       0x44 ./Middlewares/Third_Party/FreeRTOS/Source/portable/GCC/ARM_CM4F/port.o
                0x0800d778                xPortSysTickHandler
 .text.vPortSetupTimerInterrupt
                0x0800d7bc       0x48 ./Middlewares/Third_Party/FreeRTOS/Source/portable/GCC/ARM_CM4F/port.o
                0x0800d7bc                vPortSetupTimerInterrupt
 .text.vPortEnableVFP
                0x0800d804       0x14 ./Middlewares/Third_Party/FreeRTOS/Source/portable/GCC/ARM_CM4F/port.o
 .text.vPortValidateInterruptPriority
                0x0800d818       0x84 ./Middlewares/Third_Party/FreeRTOS/Source/portable/GCC/ARM_CM4F/port.o
                0x0800d818                vPortValidateInterruptPriority
 .text.pvPortMalloc
                0x0800d89c      0x19c ./Middlewares/Third_Party/FreeRTOS/Source/portable/MemMang/heap_4.o
                0x0800d89c                pvPortMalloc
 .text.vPortFree
                0x0800da38       0xc8 ./Middlewares/Third_Party/FreeRTOS/Source/portable/MemMang/heap_4.o
                0x0800da38                vPortFree
 .text.prvHeapInit
                0x0800db00       0xc4 ./Middlewares/Third_Party/FreeRTOS/Source/portable/MemMang/heap_4.o
 .text.prvInsertBlockIntoFreeList
                0x0800dbc4       0xb4 ./Middlewares/Third_Party/FreeRTOS/Source/portable/MemMang/heap_4.o
 .text.atof     0x0800dc78        0x6 C:/ST/STM32CubeIDE_1.17.0/STM32CubeIDE/plugins/com.st.stm32cube.ide.mcu.externaltools.gnu-tools-for-stm32.13.3.rel1.win32_1.0.0.202411081344/tools/bin/../lib/gcc/arm-none-eabi/13.3.1/../../../../arm-none-eabi/lib/thumb/v7e-m+fp/hard\libc_nano.a(libc_a-atof.o)
                0x0800dc78                atof
 .text.atoi     0x0800dc7e        0x8 C:/ST/STM32CubeIDE_1.17.0/STM32CubeIDE/plugins/com.st.stm32cube.ide.mcu.externaltools.gnu-tools-for-stm32.13.3.rel1.win32_1.0.0.202411081344/tools/bin/../lib/gcc/arm-none-eabi/13.3.1/../../../../arm-none-eabi/lib/thumb/v7e-m+fp/hard\libc_nano.a(libc_a-atoi.o)
                0x0800dc7e                atoi
 .text.sulp     0x0800dc86       0x3c C:/ST/STM32CubeIDE_1.17.0/STM32CubeIDE/plugins/com.st.stm32cube.ide.mcu.externaltools.gnu-tools-for-stm32.13.3.rel1.win32_1.0.0.202411081344/tools/bin/../lib/gcc/arm-none-eabi/13.3.1/../../../../arm-none-eabi/lib/thumb/v7e-m+fp/hard\libc_nano.a(libc_a-strtod.o)
 *fill*         0x0800dcc2        0x6 
 .text._strtod_l
                0x0800dcc8      0xbc8 C:/ST/STM32CubeIDE_1.17.0/STM32CubeIDE/plugins/com.st.stm32cube.ide.mcu.externaltools.gnu-tools-for-stm32.13.3.rel1.win32_1.0.0.202411081344/tools/bin/../lib/gcc/arm-none-eabi/13.3.1/../../../../arm-none-eabi/lib/thumb/v7e-m+fp/hard\libc_nano.a(libc_a-strtod.o)
                0x0800dcc8                _strtod_l
 .text.strtod   0x0800e890       0x18 C:/ST/STM32CubeIDE_1.17.0/STM32CubeIDE/plugins/com.st.stm32cube.ide.mcu.externaltools.gnu-tools-for-stm32.13.3.rel1.win32_1.0.0.202411081344/tools/bin/../lib/gcc/arm-none-eabi/13.3.1/../../../../arm-none-eabi/lib/thumb/v7e-m+fp/hard\libc_nano.a(libc_a-strtod.o)
                0x0800e890                strtod
 .text._strtol_l.isra.0
                0x0800e8a8       0xf4 C:/ST/STM32CubeIDE_1.17.0/STM32CubeIDE/plugins/com.st.stm32cube.ide.mcu.externaltools.gnu-tools-for-stm32.13.3.rel1.win32_1.0.0.202411081344/tools/bin/../lib/gcc/arm-none-eabi/13.3.1/../../../../arm-none-eabi/lib/thumb/v7e-m+fp/hard\libc_nano.a(libc_a-strtol.o)
 .text.strtol   0x0800e99c       0x14 C:/ST/STM32CubeIDE_1.17.0/STM32CubeIDE/plugins/com.st.stm32cube.ide.mcu.externaltools.gnu-tools-for-stm32.13.3.rel1.win32_1.0.0.202411081344/tools/bin/../lib/gcc/arm-none-eabi/13.3.1/../../../../arm-none-eabi/lib/thumb/v7e-m+fp/hard\libc_nano.a(libc_a-strtol.o)
                0x0800e99c                strtol
 .text.std      0x0800e9b0       0x6c C:/ST/STM32CubeIDE_1.17.0/STM32CubeIDE/plugins/com.st.stm32cube.ide.mcu.externaltools.gnu-tools-for-stm32.13.3.rel1.win32_1.0.0.202411081344/tools/bin/../lib/gcc/arm-none-eabi/13.3.1/../../../../arm-none-eabi/lib/thumb/v7e-m+fp/hard\libc_nano.a(libc_a-findfp.o)
 .text.stdio_exit_handler
                0x0800ea1c       0x18 C:/ST/STM32CubeIDE_1.17.0/STM32CubeIDE/plugins/com.st.stm32cube.ide.mcu.externaltools.gnu-tools-for-stm32.13.3.rel1.win32_1.0.0.202411081344/tools/bin/../lib/gcc/arm-none-eabi/13.3.1/../../../../arm-none-eabi/lib/thumb/v7e-m+fp/hard\libc_nano.a(libc_a-findfp.o)
 .text.cleanup_stdio
                0x0800ea34       0x40 C:/ST/STM32CubeIDE_1.17.0/STM32CubeIDE/plugins/com.st.stm32cube.ide.mcu.externaltools.gnu-tools-for-stm32.13.3.rel1.win32_1.0.0.202411081344/tools/bin/../lib/gcc/arm-none-eabi/13.3.1/../../../../arm-none-eabi/lib/thumb/v7e-m+fp/hard\libc_nano.a(libc_a-findfp.o)
 .text.global_stdio_init.part.0
                0x0800ea74       0x3c C:/ST/STM32CubeIDE_1.17.0/STM32CubeIDE/plugins/com.st.stm32cube.ide.mcu.externaltools.gnu-tools-for-stm32.13.3.rel1.win32_1.0.0.202411081344/tools/bin/../lib/gcc/arm-none-eabi/13.3.1/../../../../arm-none-eabi/lib/thumb/v7e-m+fp/hard\libc_nano.a(libc_a-findfp.o)
 .text.__sfp_lock_acquire
                0x0800eab0        0xc C:/ST/STM32CubeIDE_1.17.0/STM32CubeIDE/plugins/com.st.stm32cube.ide.mcu.externaltools.gnu-tools-for-stm32.13.3.rel1.win32_1.0.0.202411081344/tools/bin/../lib/gcc/arm-none-eabi/13.3.1/../../../../arm-none-eabi/lib/thumb/v7e-m+fp/hard\libc_nano.a(libc_a-findfp.o)
                0x0800eab0                __sfp_lock_acquire
 .text.__sfp_lock_release
                0x0800eabc        0xc C:/ST/STM32CubeIDE_1.17.0/STM32CubeIDE/plugins/com.st.stm32cube.ide.mcu.externaltools.gnu-tools-for-stm32.13.3.rel1.win32_1.0.0.202411081344/tools/bin/../lib/gcc/arm-none-eabi/13.3.1/../../../../arm-none-eabi/lib/thumb/v7e-m+fp/hard\libc_nano.a(libc_a-findfp.o)
                0x0800eabc                __sfp_lock_release
 .text.__sinit  0x0800eac8       0x30 C:/ST/STM32CubeIDE_1.17.0/STM32CubeIDE/plugins/com.st.stm32cube.ide.mcu.externaltools.gnu-tools-for-stm32.13.3.rel1.win32_1.0.0.202411081344/tools/bin/../lib/gcc/arm-none-eabi/13.3.1/../../../../arm-none-eabi/lib/thumb/v7e-m+fp/hard\libc_nano.a(libc_a-findfp.o)
                0x0800eac8                __sinit
 .text._fwalk_sglue
                0x0800eaf8       0x3c C:/ST/STM32CubeIDE_1.17.0/STM32CubeIDE/plugins/com.st.stm32cube.ide.mcu.externaltools.gnu-tools-for-stm32.13.3.rel1.win32_1.0.0.202411081344/tools/bin/../lib/gcc/arm-none-eabi/13.3.1/../../../../arm-none-eabi/lib/thumb/v7e-m+fp/hard\libc_nano.a(libc_a-fwalk.o)
                0x0800eaf8                _fwalk_sglue
 .text.__sread  0x0800eb34       0x22 C:/ST/STM32CubeIDE_1.17.0/STM32CubeIDE/plugins/com.st.stm32cube.ide.mcu.externaltools.gnu-tools-for-stm32.13.3.rel1.win32_1.0.0.202411081344/tools/bin/../lib/gcc/arm-none-eabi/13.3.1/../../../../arm-none-eabi/lib/thumb/v7e-m+fp/hard\libc_nano.a(libc_a-stdio.o)
                0x0800eb34                __sread
 .text.__swrite
                0x0800eb56       0x38 C:/ST/STM32CubeIDE_1.17.0/STM32CubeIDE/plugins/com.st.stm32cube.ide.mcu.externaltools.gnu-tools-for-stm32.13.3.rel1.win32_1.0.0.202411081344/tools/bin/../lib/gcc/arm-none-eabi/13.3.1/../../../../arm-none-eabi/lib/thumb/v7e-m+fp/hard\libc_nano.a(libc_a-stdio.o)
                0x0800eb56                __swrite
 .text.__sseek  0x0800eb8e       0x24 C:/ST/STM32CubeIDE_1.17.0/STM32CubeIDE/plugins/com.st.stm32cube.ide.mcu.externaltools.gnu-tools-for-stm32.13.3.rel1.win32_1.0.0.202411081344/tools/bin/../lib/gcc/arm-none-eabi/13.3.1/../../../../arm-none-eabi/lib/thumb/v7e-m+fp/hard\libc_nano.a(libc_a-stdio.o)
                0x0800eb8e                __sseek
 .text.__sclose
                0x0800ebb2        0x8 C:/ST/STM32CubeIDE_1.17.0/STM32CubeIDE/plugins/com.st.stm32cube.ide.mcu.externaltools.gnu-tools-for-stm32.13.3.rel1.win32_1.0.0.202411081344/tools/bin/../lib/gcc/arm-none-eabi/13.3.1/../../../../arm-none-eabi/lib/thumb/v7e-m+fp/hard\libc_nano.a(libc_a-stdio.o)
                0x0800ebb2                __sclose
 .text._vsnprintf_r
                0x0800ebba       0x5c C:/ST/STM32CubeIDE_1.17.0/STM32CubeIDE/plugins/com.st.stm32cube.ide.mcu.externaltools.gnu-tools-for-stm32.13.3.rel1.win32_1.0.0.202411081344/tools/bin/../lib/gcc/arm-none-eabi/13.3.1/../../../../arm-none-eabi/lib/thumb/v7e-m+fp/hard\libc_nano.a(libc_a-vsnprintf.o)
                0x0800ebba                _vsniprintf_r
                0x0800ebba                _vsnprintf_r
 *fill*         0x0800ec16        0x2 
 .text.vsnprintf
                0x0800ec18       0x1c C:/ST/STM32CubeIDE_1.17.0/STM32CubeIDE/plugins/com.st.stm32cube.ide.mcu.externaltools.gnu-tools-for-stm32.13.3.rel1.win32_1.0.0.202411081344/tools/bin/../lib/gcc/arm-none-eabi/13.3.1/../../../../arm-none-eabi/lib/thumb/v7e-m+fp/hard\libc_nano.a(libc_a-vsnprintf.o)
                0x0800ec18                vsniprintf
                0x0800ec18                vsnprintf
 .text.memset   0x0800ec34       0x10 C:/ST/STM32CubeIDE_1.17.0/STM32CubeIDE/plugins/com.st.stm32cube.ide.mcu.externaltools.gnu-tools-for-stm32.13.3.rel1.win32_1.0.0.202411081344/tools/bin/../lib/gcc/arm-none-eabi/13.3.1/../../../../arm-none-eabi/lib/thumb/v7e-m+fp/hard\libc_nano.a(libc_a-memset.o)
                0x0800ec34                memset
 .text.strncmp  0x0800ec44       0x24 C:/ST/STM32CubeIDE_1.17.0/STM32CubeIDE/plugins/com.st.stm32cube.ide.mcu.externaltools.gnu-tools-for-stm32.13.3.rel1.win32_1.0.0.202411081344/tools/bin/../lib/gcc/arm-none-eabi/13.3.1/../../../../arm-none-eabi/lib/thumb/v7e-m+fp/hard\libc_nano.a(libc_a-strncmp.o)
                0x0800ec44                strncmp
 .text.strncpy  0x0800ec68       0x26 C:/ST/STM32CubeIDE_1.17.0/STM32CubeIDE/plugins/com.st.stm32cube.ide.mcu.externaltools.gnu-tools-for-stm32.13.3.rel1.win32_1.0.0.202411081344/tools/bin/../lib/gcc/arm-none-eabi/13.3.1/../../../../arm-none-eabi/lib/thumb/v7e-m+fp/hard\libc_nano.a(libc_a-strncpy.o)
                0x0800ec68                strncpy
 *fill*         0x0800ec8e        0x2 
 .text._close_r
                0x0800ec90       0x20 C:/ST/STM32CubeIDE_1.17.0/STM32CubeIDE/plugins/com.st.stm32cube.ide.mcu.externaltools.gnu-tools-for-stm32.13.3.rel1.win32_1.0.0.202411081344/tools/bin/../lib/gcc/arm-none-eabi/13.3.1/../../../../arm-none-eabi/lib/thumb/v7e-m+fp/hard\libc_nano.a(libc_a-closer.o)
                0x0800ec90                _close_r
 .text._reclaim_reent
                0x0800ecb0       0xbc C:/ST/STM32CubeIDE_1.17.0/STM32CubeIDE/plugins/com.st.stm32cube.ide.mcu.externaltools.gnu-tools-for-stm32.13.3.rel1.win32_1.0.0.202411081344/tools/bin/../lib/gcc/arm-none-eabi/13.3.1/../../../../arm-none-eabi/lib/thumb/v7e-m+fp/hard\libc_nano.a(libc_a-reent.o)
                0x0800ecb0                _reclaim_reent
 .text._lseek_r
                0x0800ed6c       0x24 C:/ST/STM32CubeIDE_1.17.0/STM32CubeIDE/plugins/com.st.stm32cube.ide.mcu.externaltools.gnu-tools-for-stm32.13.3.rel1.win32_1.0.0.202411081344/tools/bin/../lib/gcc/arm-none-eabi/13.3.1/../../../../arm-none-eabi/lib/thumb/v7e-m+fp/hard\libc_nano.a(libc_a-lseekr.o)
                0x0800ed6c                _lseek_r
 .text._read_r  0x0800ed90       0x24 C:/ST/STM32CubeIDE_1.17.0/STM32CubeIDE/plugins/com.st.stm32cube.ide.mcu.externaltools.gnu-tools-for-stm32.13.3.rel1.win32_1.0.0.202411081344/tools/bin/../lib/gcc/arm-none-eabi/13.3.1/../../../../arm-none-eabi/lib/thumb/v7e-m+fp/hard\libc_nano.a(libc_a-readr.o)
                0x0800ed90                _read_r
 .text._write_r
                0x0800edb4       0x24 C:/ST/STM32CubeIDE_1.17.0/STM32CubeIDE/plugins/com.st.stm32cube.ide.mcu.externaltools.gnu-tools-for-stm32.13.3.rel1.win32_1.0.0.202411081344/tools/bin/../lib/gcc/arm-none-eabi/13.3.1/../../../../arm-none-eabi/lib/thumb/v7e-m+fp/hard\libc_nano.a(libc_a-writer.o)
                0x0800edb4                _write_r
 .text.__errno  0x0800edd8        0xc C:/ST/STM32CubeIDE_1.17.0/STM32CubeIDE/plugins/com.st.stm32cube.ide.mcu.externaltools.gnu-tools-for-stm32.13.3.rel1.win32_1.0.0.202411081344/tools/bin/../lib/gcc/arm-none-eabi/13.3.1/../../../../arm-none-eabi/lib/thumb/v7e-m+fp/hard\libc_nano.a(libc_a-errno.o)
                0x0800edd8                __errno
 .text.__libc_init_array
                0x0800ede4       0x48 C:/ST/STM32CubeIDE_1.17.0/STM32CubeIDE/plugins/com.st.stm32cube.ide.mcu.externaltools.gnu-tools-for-stm32.13.3.rel1.win32_1.0.0.202411081344/tools/bin/../lib/gcc/arm-none-eabi/13.3.1/../../../../arm-none-eabi/lib/thumb/v7e-m+fp/hard\libc_nano.a(libc_a-init.o)
                0x0800ede4                __libc_init_array
 .text.__retarget_lock_init_recursive
                0x0800ee2c        0x2 C:/ST/STM32CubeIDE_1.17.0/STM32CubeIDE/plugins/com.st.stm32cube.ide.mcu.externaltools.gnu-tools-for-stm32.13.3.rel1.win32_1.0.0.202411081344/tools/bin/../lib/gcc/arm-none-eabi/13.3.1/../../../../arm-none-eabi/lib/thumb/v7e-m+fp/hard\libc_nano.a(libc_a-lock.o)
                0x0800ee2c                __retarget_lock_init_recursive
 .text.__retarget_lock_acquire_recursive
                0x0800ee2e        0x2 C:/ST/STM32CubeIDE_1.17.0/STM32CubeIDE/plugins/com.st.stm32cube.ide.mcu.externaltools.gnu-tools-for-stm32.13.3.rel1.win32_1.0.0.202411081344/tools/bin/../lib/gcc/arm-none-eabi/13.3.1/../../../../arm-none-eabi/lib/thumb/v7e-m+fp/hard\libc_nano.a(libc_a-lock.o)
                0x0800ee2e                __retarget_lock_acquire_recursive
 .text.__retarget_lock_release_recursive
                0x0800ee30        0x2 C:/ST/STM32CubeIDE_1.17.0/STM32CubeIDE/plugins/com.st.stm32cube.ide.mcu.externaltools.gnu-tools-for-stm32.13.3.rel1.win32_1.0.0.202411081344/tools/bin/../lib/gcc/arm-none-eabi/13.3.1/../../../../arm-none-eabi/lib/thumb/v7e-m+fp/hard\libc_nano.a(libc_a-lock.o)
                0x0800ee30                __retarget_lock_release_recursive
 .text.memcpy   0x0800ee32       0x1c C:/ST/STM32CubeIDE_1.17.0/STM32CubeIDE/plugins/com.st.stm32cube.ide.mcu.externaltools.gnu-tools-for-stm32.13.3.rel1.win32_1.0.0.202411081344/tools/bin/../lib/gcc/arm-none-eabi/13.3.1/../../../../arm-none-eabi/lib/thumb/v7e-m+fp/hard\libc_nano.a(libc_a-memcpy-stub.o)
                0x0800ee32                memcpy
 *fill*         0x0800ee4e        0x2 
 .text.nan      0x0800ee50       0x10 C:/ST/STM32CubeIDE_1.17.0/STM32CubeIDE/plugins/com.st.stm32cube.ide.mcu.externaltools.gnu-tools-for-stm32.13.3.rel1.win32_1.0.0.202411081344/tools/bin/../lib/gcc/arm-none-eabi/13.3.1/../../../../arm-none-eabi/lib/thumb/v7e-m+fp/hard\libc_nano.a(libm_a-s_nan.o)
                0x0800ee50                nan
 .text._free_r  0x0800ee60       0x94 C:/ST/STM32CubeIDE_1.17.0/STM32CubeIDE/plugins/com.st.stm32cube.ide.mcu.externaltools.gnu-tools-for-stm32.13.3.rel1.win32_1.0.0.202411081344/tools/bin/../lib/gcc/arm-none-eabi/13.3.1/../../../../arm-none-eabi/lib/thumb/v7e-m+fp/hard\libc_nano.a(libc_a-freer.o)
                0x0800ee60                _free_r
 .text.rshift   0x0800eef4       0xa4 C:/ST/STM32CubeIDE_1.17.0/STM32CubeIDE/plugins/com.st.stm32cube.ide.mcu.externaltools.gnu-tools-for-stm32.13.3.rel1.win32_1.0.0.202411081344/tools/bin/../lib/gcc/arm-none-eabi/13.3.1/../../../../arm-none-eabi/lib/thumb/v7e-m+fp/hard\libc_nano.a(libc_a-gdtoa-gethex.o)
 .text.__hexdig_fun
                0x0800ef98       0x2a C:/ST/STM32CubeIDE_1.17.0/STM32CubeIDE/plugins/com.st.stm32cube.ide.mcu.externaltools.gnu-tools-for-stm32.13.3.rel1.win32_1.0.0.202411081344/tools/bin/../lib/gcc/arm-none-eabi/13.3.1/../../../../arm-none-eabi/lib/thumb/v7e-m+fp/hard\libc_nano.a(libc_a-gdtoa-gethex.o)
                0x0800ef98                __hexdig_fun
 *fill*         0x0800efc2        0x2 
 .text.__gethex
                0x0800efc4      0x420 C:/ST/STM32CubeIDE_1.17.0/STM32CubeIDE/plugins/com.st.stm32cube.ide.mcu.externaltools.gnu-tools-for-stm32.13.3.rel1.win32_1.0.0.202411081344/tools/bin/../lib/gcc/arm-none-eabi/13.3.1/../../../../arm-none-eabi/lib/thumb/v7e-m+fp/hard\libc_nano.a(libc_a-gdtoa-gethex.o)
                0x0800efc4                __gethex
 .text.L_shift  0x0800f3e4       0x24 C:/ST/STM32CubeIDE_1.17.0/STM32CubeIDE/plugins/com.st.stm32cube.ide.mcu.externaltools.gnu-tools-for-stm32.13.3.rel1.win32_1.0.0.202411081344/tools/bin/../lib/gcc/arm-none-eabi/13.3.1/../../../../arm-none-eabi/lib/thumb/v7e-m+fp/hard\libc_nano.a(libc_a-gdtoa-hexnan.o)
 .text.__match  0x0800f408       0x28 C:/ST/STM32CubeIDE_1.17.0/STM32CubeIDE/plugins/com.st.stm32cube.ide.mcu.externaltools.gnu-tools-for-stm32.13.3.rel1.win32_1.0.0.202411081344/tools/bin/../lib/gcc/arm-none-eabi/13.3.1/../../../../arm-none-eabi/lib/thumb/v7e-m+fp/hard\libc_nano.a(libc_a-gdtoa-hexnan.o)
                0x0800f408                __match
 .text.__hexnan
                0x0800f430      0x136 C:/ST/STM32CubeIDE_1.17.0/STM32CubeIDE/plugins/com.st.stm32cube.ide.mcu.externaltools.gnu-tools-for-stm32.13.3.rel1.win32_1.0.0.202411081344/tools/bin/../lib/gcc/arm-none-eabi/13.3.1/../../../../arm-none-eabi/lib/thumb/v7e-m+fp/hard\libc_nano.a(libc_a-gdtoa-hexnan.o)
                0x0800f430                __hexnan
 *fill*         0x0800f566        0x2 
 .text.sbrk_aligned
                0x0800f568       0x44 C:/ST/STM32CubeIDE_1.17.0/STM32CubeIDE/plugins/com.st.stm32cube.ide.mcu.externaltools.gnu-tools-for-stm32.13.3.rel1.win32_1.0.0.202411081344/tools/bin/../lib/gcc/arm-none-eabi/13.3.1/../../../../arm-none-eabi/lib/thumb/v7e-m+fp/hard\libc_nano.a(libc_a-mallocr.o)
 .text._malloc_r
                0x0800f5ac      0x100 C:/ST/STM32CubeIDE_1.17.0/STM32CubeIDE/plugins/com.st.stm32cube.ide.mcu.externaltools.gnu-tools-for-stm32.13.3.rel1.win32_1.0.0.202411081344/tools/bin/../lib/gcc/arm-none-eabi/13.3.1/../../../../arm-none-eabi/lib/thumb/v7e-m+fp/hard\libc_nano.a(libc_a-mallocr.o)
                0x0800f5ac                _malloc_r
 .text.__ascii_mbtowc
                0x0800f6ac       0x24 C:/ST/STM32CubeIDE_1.17.0/STM32CubeIDE/plugins/com.st.stm32cube.ide.mcu.externaltools.gnu-tools-for-stm32.13.3.rel1.win32_1.0.0.202411081344/tools/bin/../lib/gcc/arm-none-eabi/13.3.1/../../../../arm-none-eabi/lib/thumb/v7e-m+fp/hard\libc_nano.a(libc_a-mbtowc_r.o)
                0x0800f6ac                __ascii_mbtowc
 .text.__malloc_lock
                0x0800f6d0        0xc C:/ST/STM32CubeIDE_1.17.0/STM32CubeIDE/plugins/com.st.stm32cube.ide.mcu.externaltools.gnu-tools-for-stm32.13.3.rel1.win32_1.0.0.202411081344/tools/bin/../lib/gcc/arm-none-eabi/13.3.1/../../../../arm-none-eabi/lib/thumb/v7e-m+fp/hard\libc_nano.a(libc_a-mlock.o)
                0x0800f6d0                __malloc_lock
 .text.__malloc_unlock
                0x0800f6dc        0xc C:/ST/STM32CubeIDE_1.17.0/STM32CubeIDE/plugins/com.st.stm32cube.ide.mcu.externaltools.gnu-tools-for-stm32.13.3.rel1.win32_1.0.0.202411081344/tools/bin/../lib/gcc/arm-none-eabi/13.3.1/../../../../arm-none-eabi/lib/thumb/v7e-m+fp/hard\libc_nano.a(libc_a-mlock.o)
                0x0800f6dc                __malloc_unlock
 .text._Balloc  0x0800f6e8       0x80 C:/ST/STM32CubeIDE_1.17.0/STM32CubeIDE/plugins/com.st.stm32cube.ide.mcu.externaltools.gnu-tools-for-stm32.13.3.rel1.win32_1.0.0.202411081344/tools/bin/../lib/gcc/arm-none-eabi/13.3.1/../../../../arm-none-eabi/lib/thumb/v7e-m+fp/hard\libc_nano.a(libc_a-mprec.o)
                0x0800f6e8                _Balloc
 .text._Bfree   0x0800f768       0x44 C:/ST/STM32CubeIDE_1.17.0/STM32CubeIDE/plugins/com.st.stm32cube.ide.mcu.externaltools.gnu-tools-for-stm32.13.3.rel1.win32_1.0.0.202411081344/tools/bin/../lib/gcc/arm-none-eabi/13.3.1/../../../../arm-none-eabi/lib/thumb/v7e-m+fp/hard\libc_nano.a(libc_a-mprec.o)
                0x0800f768                _Bfree
 .text.__multadd
                0x0800f7ac       0x8c C:/ST/STM32CubeIDE_1.17.0/STM32CubeIDE/plugins/com.st.stm32cube.ide.mcu.externaltools.gnu-tools-for-stm32.13.3.rel1.win32_1.0.0.202411081344/tools/bin/../lib/gcc/arm-none-eabi/13.3.1/../../../../arm-none-eabi/lib/thumb/v7e-m+fp/hard\libc_nano.a(libc_a-mprec.o)
                0x0800f7ac                __multadd
 .text.__s2b    0x0800f838       0x94 C:/ST/STM32CubeIDE_1.17.0/STM32CubeIDE/plugins/com.st.stm32cube.ide.mcu.externaltools.gnu-tools-for-stm32.13.3.rel1.win32_1.0.0.202411081344/tools/bin/../lib/gcc/arm-none-eabi/13.3.1/../../../../arm-none-eabi/lib/thumb/v7e-m+fp/hard\libc_nano.a(libc_a-mprec.o)
                0x0800f838                __s2b
 .text.__hi0bits
                0x0800f8cc       0x3e C:/ST/STM32CubeIDE_1.17.0/STM32CubeIDE/plugins/com.st.stm32cube.ide.mcu.externaltools.gnu-tools-for-stm32.13.3.rel1.win32_1.0.0.202411081344/tools/bin/../lib/gcc/arm-none-eabi/13.3.1/../../../../arm-none-eabi/lib/thumb/v7e-m+fp/hard\libc_nano.a(libc_a-mprec.o)
                0x0800f8cc                __hi0bits
 .text.__lo0bits
                0x0800f90a       0x5a C:/ST/STM32CubeIDE_1.17.0/STM32CubeIDE/plugins/com.st.stm32cube.ide.mcu.externaltools.gnu-tools-for-stm32.13.3.rel1.win32_1.0.0.202411081344/tools/bin/../lib/gcc/arm-none-eabi/13.3.1/../../../../arm-none-eabi/lib/thumb/v7e-m+fp/hard\libc_nano.a(libc_a-mprec.o)
                0x0800f90a                __lo0bits
 .text.__i2b    0x0800f964       0x2c C:/ST/STM32CubeIDE_1.17.0/STM32CubeIDE/plugins/com.st.stm32cube.ide.mcu.externaltools.gnu-tools-for-stm32.13.3.rel1.win32_1.0.0.202411081344/tools/bin/../lib/gcc/arm-none-eabi/13.3.1/../../../../arm-none-eabi/lib/thumb/v7e-m+fp/hard\libc_nano.a(libc_a-mprec.o)
                0x0800f964                __i2b
 .text.__multiply
                0x0800f990      0x144 C:/ST/STM32CubeIDE_1.17.0/STM32CubeIDE/plugins/com.st.stm32cube.ide.mcu.externaltools.gnu-tools-for-stm32.13.3.rel1.win32_1.0.0.202411081344/tools/bin/../lib/gcc/arm-none-eabi/13.3.1/../../../../arm-none-eabi/lib/thumb/v7e-m+fp/hard\libc_nano.a(libc_a-mprec.o)
                0x0800f990                __multiply
 .text.__pow5mult
                0x0800fad4       0xb4 C:/ST/STM32CubeIDE_1.17.0/STM32CubeIDE/plugins/com.st.stm32cube.ide.mcu.externaltools.gnu-tools-for-stm32.13.3.rel1.win32_1.0.0.202411081344/tools/bin/../lib/gcc/arm-none-eabi/13.3.1/../../../../arm-none-eabi/lib/thumb/v7e-m+fp/hard\libc_nano.a(libc_a-mprec.o)
                0x0800fad4                __pow5mult
 .text.__lshift
                0x0800fb88       0xd8 C:/ST/STM32CubeIDE_1.17.0/STM32CubeIDE/plugins/com.st.stm32cube.ide.mcu.externaltools.gnu-tools-for-stm32.13.3.rel1.win32_1.0.0.202411081344/tools/bin/../lib/gcc/arm-none-eabi/13.3.1/../../../../arm-none-eabi/lib/thumb/v7e-m+fp/hard\libc_nano.a(libc_a-mprec.o)
                0x0800fb88                __lshift
 .text.__mcmp   0x0800fc60       0x36 C:/ST/STM32CubeIDE_1.17.0/STM32CubeIDE/plugins/com.st.stm32cube.ide.mcu.externaltools.gnu-tools-for-stm32.13.3.rel1.win32_1.0.0.202411081344/tools/bin/../lib/gcc/arm-none-eabi/13.3.1/../../../../arm-none-eabi/lib/thumb/v7e-m+fp/hard\libc_nano.a(libc_a-mprec.o)
                0x0800fc60                __mcmp
 *fill*         0x0800fc96        0x2 
 .text.__mdiff  0x0800fc98      0x128 C:/ST/STM32CubeIDE_1.17.0/STM32CubeIDE/plugins/com.st.stm32cube.ide.mcu.externaltools.gnu-tools-for-stm32.13.3.rel1.win32_1.0.0.202411081344/tools/bin/../lib/gcc/arm-none-eabi/13.3.1/../../../../arm-none-eabi/lib/thumb/v7e-m+fp/hard\libc_nano.a(libc_a-mprec.o)
                0x0800fc98                __mdiff
 .text.__ulp    0x0800fdc0       0x4c C:/ST/STM32CubeIDE_1.17.0/STM32CubeIDE/plugins/com.st.stm32cube.ide.mcu.externaltools.gnu-tools-for-stm32.13.3.rel1.win32_1.0.0.202411081344/tools/bin/../lib/gcc/arm-none-eabi/13.3.1/../../../../arm-none-eabi/lib/thumb/v7e-m+fp/hard\libc_nano.a(libc_a-mprec.o)
                0x0800fdc0                __ulp
 .text.__b2d    0x0800fe0c       0x94 C:/ST/STM32CubeIDE_1.17.0/STM32CubeIDE/plugins/com.st.stm32cube.ide.mcu.externaltools.gnu-tools-for-stm32.13.3.rel1.win32_1.0.0.202411081344/tools/bin/../lib/gcc/arm-none-eabi/13.3.1/../../../../arm-none-eabi/lib/thumb/v7e-m+fp/hard\libc_nano.a(libc_a-mprec.o)
                0x0800fe0c                __b2d
 .text.__d2b    0x0800fea0       0xb0 C:/ST/STM32CubeIDE_1.17.0/STM32CubeIDE/plugins/com.st.stm32cube.ide.mcu.externaltools.gnu-tools-for-stm32.13.3.rel1.win32_1.0.0.202411081344/tools/bin/../lib/gcc/arm-none-eabi/13.3.1/../../../../arm-none-eabi/lib/thumb/v7e-m+fp/hard\libc_nano.a(libc_a-mprec.o)
                0x0800fea0                __d2b
 .text.__ratio  0x0800ff50       0x64 C:/ST/STM32CubeIDE_1.17.0/STM32CubeIDE/plugins/com.st.stm32cube.ide.mcu.externaltools.gnu-tools-for-stm32.13.3.rel1.win32_1.0.0.202411081344/tools/bin/../lib/gcc/arm-none-eabi/13.3.1/../../../../arm-none-eabi/lib/thumb/v7e-m+fp/hard\libc_nano.a(libc_a-mprec.o)
                0x0800ff50                __ratio
 .text.__copybits
                0x0800ffb4       0x46 C:/ST/STM32CubeIDE_1.17.0/STM32CubeIDE/plugins/com.st.stm32cube.ide.mcu.externaltools.gnu-tools-for-stm32.13.3.rel1.win32_1.0.0.202411081344/tools/bin/../lib/gcc/arm-none-eabi/13.3.1/../../../../arm-none-eabi/lib/thumb/v7e-m+fp/hard\libc_nano.a(libc_a-mprec.o)
                0x0800ffb4                __copybits
 .text.__any_on
                0x0800fffa       0x42 C:/ST/STM32CubeIDE_1.17.0/STM32CubeIDE/plugins/com.st.stm32cube.ide.mcu.externaltools.gnu-tools-for-stm32.13.3.rel1.win32_1.0.0.202411081344/tools/bin/../lib/gcc/arm-none-eabi/13.3.1/../../../../arm-none-eabi/lib/thumb/v7e-m+fp/hard\libc_nano.a(libc_a-mprec.o)
                0x0800fffa                __any_on
 .text.__ascii_wctomb
                0x0801003c       0x1a C:/ST/STM32CubeIDE_1.17.0/STM32CubeIDE/plugins/com.st.stm32cube.ide.mcu.externaltools.gnu-tools-for-stm32.13.3.rel1.win32_1.0.0.202411081344/tools/bin/../lib/gcc/arm-none-eabi/13.3.1/../../../../arm-none-eabi/lib/thumb/v7e-m+fp/hard\libc_nano.a(libc_a-wctomb_r.o)
                0x0801003c                __ascii_wctomb
 .text.__ssputs_r
                0x08010056       0xb6 C:/ST/STM32CubeIDE_1.17.0/STM32CubeIDE/plugins/com.st.stm32cube.ide.mcu.externaltools.gnu-tools-for-stm32.13.3.rel1.win32_1.0.0.202411081344/tools/bin/../lib/gcc/arm-none-eabi/13.3.1/../../../../arm-none-eabi/lib/thumb/v7e-m+fp/hard\libc_nano.a(libc_a-nano-svfprintf.o)
                0x08010056                __ssputs_r
 .text._svfprintf_r
                0x0801010c      0x1f8 C:/ST/STM32CubeIDE_1.17.0/STM32CubeIDE/plugins/com.st.stm32cube.ide.mcu.externaltools.gnu-tools-for-stm32.13.3.rel1.win32_1.0.0.202411081344/tools/bin/../lib/gcc/arm-none-eabi/13.3.1/../../../../arm-none-eabi/lib/thumb/v7e-m+fp/hard\libc_nano.a(libc_a-nano-svfprintf.o)
                0x0801010c                _svfiprintf_r
                0x0801010c                _svfprintf_r
 .text.__sfputc_r
                0x08010304       0x2e C:/ST/STM32CubeIDE_1.17.0/STM32CubeIDE/plugins/com.st.stm32cube.ide.mcu.externaltools.gnu-tools-for-stm32.13.3.rel1.win32_1.0.0.202411081344/tools/bin/../lib/gcc/arm-none-eabi/13.3.1/../../../../arm-none-eabi/lib/thumb/v7e-m+fp/hard\libc_nano.a(libc_a-nano-vfprintf.o)
 .text.__sfputs_r
                0x08010332       0x24 C:/ST/STM32CubeIDE_1.17.0/STM32CubeIDE/plugins/com.st.stm32cube.ide.mcu.externaltools.gnu-tools-for-stm32.13.3.rel1.win32_1.0.0.202411081344/tools/bin/../lib/gcc/arm-none-eabi/13.3.1/../../../../arm-none-eabi/lib/thumb/v7e-m+fp/hard\libc_nano.a(libc_a-nano-vfprintf.o)
                0x08010332                __sfputs_r
 *fill*         0x08010356        0x2 
 .text._vfprintf_r
                0x08010358      0x230 C:/ST/STM32CubeIDE_1.17.0/STM32CubeIDE/plugins/com.st.stm32cube.ide.mcu.externaltools.gnu-tools-for-stm32.13.3.rel1.win32_1.0.0.202411081344/tools/bin/../lib/gcc/arm-none-eabi/13.3.1/../../../../arm-none-eabi/lib/thumb/v7e-m+fp/hard\libc_nano.a(libc_a-nano-vfprintf.o)
                0x08010358                _vfprintf_r
                0x08010358                _vfiprintf_r
 .text._printf_common
                0x08010588       0xda C:/ST/STM32CubeIDE_1.17.0/STM32CubeIDE/plugins/com.st.stm32cube.ide.mcu.externaltools.gnu-tools-for-stm32.13.3.rel1.win32_1.0.0.202411081344/tools/bin/../lib/gcc/arm-none-eabi/13.3.1/../../../../arm-none-eabi/lib/thumb/v7e-m+fp/hard\libc_nano.a(libc_a-nano-vfprintf_i.o)
                0x08010588                _printf_common
 *fill*         0x08010662        0x2 
 .text._printf_i
                0x08010664      0x23c C:/ST/STM32CubeIDE_1.17.0/STM32CubeIDE/plugins/com.st.stm32cube.ide.mcu.externaltools.gnu-tools-for-stm32.13.3.rel1.win32_1.0.0.202411081344/tools/bin/../lib/gcc/arm-none-eabi/13.3.1/../../../../arm-none-eabi/lib/thumb/v7e-m+fp/hard\libc_nano.a(libc_a-nano-vfprintf_i.o)
                0x08010664                _printf_i
 .text.__sflush_r
                0x080108a0      0x108 C:/ST/STM32CubeIDE_1.17.0/STM32CubeIDE/plugins/com.st.stm32cube.ide.mcu.externaltools.gnu-tools-for-stm32.13.3.rel1.win32_1.0.0.202411081344/tools/bin/../lib/gcc/arm-none-eabi/13.3.1/../../../../arm-none-eabi/lib/thumb/v7e-m+fp/hard\libc_nano.a(libc_a-fflush.o)
                0x080108a0                __sflush_r
 .text._fflush_r
                0x080109a8       0x50 C:/ST/STM32CubeIDE_1.17.0/STM32CubeIDE/plugins/com.st.stm32cube.ide.mcu.externaltools.gnu-tools-for-stm32.13.3.rel1.win32_1.0.0.202411081344/tools/bin/../lib/gcc/arm-none-eabi/13.3.1/../../../../arm-none-eabi/lib/thumb/v7e-m+fp/hard\libc_nano.a(libc_a-fflush.o)
                0x080109a8                _fflush_r
 .text.__swbuf_r
                0x080109f8       0x7c C:/ST/STM32CubeIDE_1.17.0/STM32CubeIDE/plugins/com.st.stm32cube.ide.mcu.externaltools.gnu-tools-for-stm32.13.3.rel1.win32_1.0.0.202411081344/tools/bin/../lib/gcc/arm-none-eabi/13.3.1/../../../../arm-none-eabi/lib/thumb/v7e-m+fp/hard\libc_nano.a(libc_a-wbuf.o)
                0x080109f8                __swbuf_r
 .text.__swsetup_r
                0x08010a74       0xac C:/ST/STM32CubeIDE_1.17.0/STM32CubeIDE/plugins/com.st.stm32cube.ide.mcu.externaltools.gnu-tools-for-stm32.13.3.rel1.win32_1.0.0.202411081344/tools/bin/../lib/gcc/arm-none-eabi/13.3.1/../../../../arm-none-eabi/lib/thumb/v7e-m+fp/hard\libc_nano.a(libc_a-wsetup.o)
                0x08010a74                __swsetup_r
 .text.memmove  0x08010b20       0x34 C:/ST/STM32CubeIDE_1.17.0/STM32CubeIDE/plugins/com.st.stm32cube.ide.mcu.externaltools.gnu-tools-for-stm32.13.3.rel1.win32_1.0.0.202411081344/tools/bin/../lib/gcc/arm-none-eabi/13.3.1/../../../../arm-none-eabi/lib/thumb/v7e-m+fp/hard\libc_nano.a(libc_a-memmove.o)
                0x08010b20                memmove
 .text._sbrk_r  0x08010b54       0x20 C:/ST/STM32CubeIDE_1.17.0/STM32CubeIDE/plugins/com.st.stm32cube.ide.mcu.externaltools.gnu-tools-for-stm32.13.3.rel1.win32_1.0.0.202411081344/tools/bin/../lib/gcc/arm-none-eabi/13.3.1/../../../../arm-none-eabi/lib/thumb/v7e-m+fp/hard\libc_nano.a(libc_a-sbrkr.o)
                0x08010b54                _sbrk_r
 .text.__assert_func
                0x08010b74       0x3c C:/ST/STM32CubeIDE_1.17.0/STM32CubeIDE/plugins/com.st.stm32cube.ide.mcu.externaltools.gnu-tools-for-stm32.13.3.rel1.win32_1.0.0.202411081344/tools/bin/../lib/gcc/arm-none-eabi/13.3.1/../../../../arm-none-eabi/lib/thumb/v7e-m+fp/hard\libc_nano.a(libc_a-assert.o)
                0x08010b74                __assert_func
 .text._calloc_r
                0x08010bb0       0x28 C:/ST/STM32CubeIDE_1.17.0/STM32CubeIDE/plugins/com.st.stm32cube.ide.mcu.externaltools.gnu-tools-for-stm32.13.3.rel1.win32_1.0.0.202411081344/tools/bin/../lib/gcc/arm-none-eabi/13.3.1/../../../../arm-none-eabi/lib/thumb/v7e-m+fp/hard\libc_nano.a(libc_a-callocr.o)
                0x08010bb0                _calloc_r
 .text.malloc   0x08010bd8       0x10 C:/ST/STM32CubeIDE_1.17.0/STM32CubeIDE/plugins/com.st.stm32cube.ide.mcu.externaltools.gnu-tools-for-stm32.13.3.rel1.win32_1.0.0.202411081344/tools/bin/../lib/gcc/arm-none-eabi/13.3.1/../../../../arm-none-eabi/lib/thumb/v7e-m+fp/hard\libc_nano.a(libc_a-malloc.o)
                0x08010bd8                malloc
 .text._realloc_r